Component: ARM Compiler 5.05 update 1 (build 106) Tool: armlink [4d0efa]

==============================================================================

Section Cross References

    main.o(i.collaborators) refers to lcd.o(i.LCD_Clear) for LCD_Clear
    main.o(i.collaborators) refers to lcd.o(i.LCD_DrawLine) for LCD_DrawLine
    main.o(i.collaborators) refers to lcd.o(i.LCD_ShowString) for LCD_ShowString
    main.o(i.collaborators) refers to lcd.o(.data) for POINT_COLOR
    main.o(i.collaborators) refers to touch.o(.data) for tp_dev
    main.o(i.collaborators) refers to lcd.o(.bss) for lcddev
    main.o(i.gameover) refers to lcd.o(i.LCD_DrawLine) for LCD_DrawLine
    main.o(i.gameover) refers to lcd.o(i.LCD_ShowString) for LCD_ShowString
    main.o(i.gameover) refers to lcd.o(.data) for POINT_COLOR
    main.o(i.gameover) refers to touch.o(.data) for tp_dev
    main.o(i.gameover) refers to lcd.o(.bss) for lcddev
    main.o(i.main) refers to delay.o(i.delay_init) for delay_init
    main.o(i.main) refers to misc.o(i.NVIC_PriorityGroupConfig) for NVIC_PriorityGroupConfig
    main.o(i.main) refers to usart.o(i.uart_init) for uart_init
    main.o(i.main) refers to led.o(i.LED_Init) for LED_Init
    main.o(i.main) refers to lcd.o(i.LCD_Init) for LCD_Init
    main.o(i.main) refers to key.o(i.KEY_Init) for KEY_Init
    main.o(i.main) refers to lcd.o(i.LCD_Clear) for LCD_Clear
    main.o(i.main) refers to main.o(i.main_prog) for main_prog
    main.o(i.main) refers to touch.o(.data) for tp_dev
    main.o(i.main_prog) refers to main.o(i.menu) for menu
    main.o(i.main_prog) refers to main.o(i.collaborators) for collaborators
    main.o(i.main_prog) refers to main.o(i.gameover) for gameover
    main.o(i.main_prog) refers to touch.o(.data) for tp_dev
    main.o(i.main_prog) refers to lcd.o(.bss) for lcddev
    main.o(i.menu) refers to lcd.o(i.LCD_Clear) for LCD_Clear
    main.o(i.menu) refers to lcd.o(i.LCD_ShowString) for LCD_ShowString
    main.o(i.menu) refers to main.o(i.print_block) for print_block
    main.o(i.menu) refers to main.o(.data) for col
    main.o(i.menu) refers to lcd.o(.data) for POINT_COLOR
    main.o(i.print_block) refers to lcd.o(i.LCD_DrawLine) for LCD_DrawLine
    main.o(i.print_block) refers to lcd.o(.data) for POINT_COLOR
    adc.o(i.Adc_Init) refers to stm32f10x_rcc.o(i.RCC_APB2PeriphClockCmd) for RCC_APB2PeriphClockCmd
    adc.o(i.Adc_Init) refers to stm32f10x_rcc.o(i.RCC_ADCCLKConfig) for RCC_ADCCLKConfig
    adc.o(i.Adc_Init) refers to stm32f10x_gpio.o(i.GPIO_Init) for GPIO_Init
    adc.o(i.Adc_Init) refers to stm32f10x_adc.o(i.ADC_DeInit) for ADC_DeInit
    adc.o(i.Adc_Init) refers to stm32f10x_adc.o(i.ADC_Init) for ADC_Init
    adc.o(i.Adc_Init) refers to stm32f10x_adc.o(i.ADC_Cmd) for ADC_Cmd
    adc.o(i.Adc_Init) refers to stm32f10x_adc.o(i.ADC_ResetCalibration) for ADC_ResetCalibration
    adc.o(i.Adc_Init) refers to stm32f10x_adc.o(i.ADC_GetResetCalibrationStatus) for ADC_GetResetCalibrationStatus
    adc.o(i.Adc_Init) refers to stm32f10x_adc.o(i.ADC_StartCalibration) for ADC_StartCalibration
    adc.o(i.Adc_Init) refers to stm32f10x_adc.o(i.ADC_GetCalibrationStatus) for ADC_GetCalibrationStatus
    adc.o(i.Get_Adc) refers to stm32f10x_adc.o(i.ADC_RegularChannelConfig) for ADC_RegularChannelConfig
    adc.o(i.Get_Adc) refers to stm32f10x_adc.o(i.ADC_SoftwareStartConvCmd) for ADC_SoftwareStartConvCmd
    adc.o(i.Get_Adc) refers to stm32f10x_adc.o(i.ADC_GetFlagStatus) for ADC_GetFlagStatus
    adc.o(i.Get_Adc) refers to stm32f10x_adc.o(i.ADC_GetConversionValue) for ADC_GetConversionValue
    adc.o(i.Get_Adc_Average) refers to adc.o(i.Get_Adc) for Get_Adc
    adc.o(i.Get_Adc_Average) refers to delay.o(i.delay_ms) for delay_ms
    tsensor.o(i.T_Adc_Init) refers to stm32f10x_rcc.o(i.RCC_APB2PeriphClockCmd) for RCC_APB2PeriphClockCmd
    tsensor.o(i.T_Adc_Init) refers to stm32f10x_rcc.o(i.RCC_ADCCLKConfig) for RCC_ADCCLKConfig
    tsensor.o(i.T_Adc_Init) refers to stm32f10x_adc.o(i.ADC_DeInit) for ADC_DeInit
    tsensor.o(i.T_Adc_Init) refers to stm32f10x_adc.o(i.ADC_Init) for ADC_Init
    tsensor.o(i.T_Adc_Init) refers to stm32f10x_adc.o(i.ADC_TempSensorVrefintCmd) for ADC_TempSensorVrefintCmd
    tsensor.o(i.T_Adc_Init) refers to stm32f10x_adc.o(i.ADC_Cmd) for ADC_Cmd
    tsensor.o(i.T_Adc_Init) refers to stm32f10x_adc.o(i.ADC_ResetCalibration) for ADC_ResetCalibration
    tsensor.o(i.T_Adc_Init) refers to stm32f10x_adc.o(i.ADC_GetResetCalibrationStatus) for ADC_GetResetCalibrationStatus
    tsensor.o(i.T_Adc_Init) refers to stm32f10x_adc.o(i.ADC_StartCalibration) for ADC_StartCalibration
    tsensor.o(i.T_Adc_Init) refers to stm32f10x_adc.o(i.ADC_GetCalibrationStatus) for ADC_GetCalibrationStatus
    tsensor.o(i.T_Get_Adc) refers to stm32f10x_adc.o(i.ADC_RegularChannelConfig) for ADC_RegularChannelConfig
    tsensor.o(i.T_Get_Adc) refers to stm32f10x_adc.o(i.ADC_SoftwareStartConvCmd) for ADC_SoftwareStartConvCmd
[...]
    !!!scatter                               0x08000138   Section       52  __scatter.o(!!!scatter)
    !!handler_copy                           0x0800016c   Section       26  __scatter_copy.o(!!handler_copy)
    !!handler_zi                             0x08000188   Section       28  __scatter_zi.o(!!handler_zi)
    .ARM.Collect$$_printf_percent$$00000000  0x080001a4   Section        0  _printf_percent.o(.ARM.Collect$$_printf_percent$$00000000)
    .ARM.Collect$$_printf_percent$$00000009  0x080001a4   Section        6  _printf_d.o(.ARM.Collect$$_printf_percent$$00000009)
    .ARM.Collect$$_printf_percent$$0000000C  0x080001aa   Section        6  _printf_x.o(.ARM.Collect$$_printf_percent$$0000000C)
    .ARM.Collect$$_printf_percent$$00000014  0x080001b0   Section        6  _printf_s.o(.ARM.Collect$$_printf_percent$$00000014)
    .ARM.Collect$$_printf_percent$$00000017  0x080001b6   Section        4  _printf_percent_end.o(.ARM.Collect$$_printf_percent$$00000017)
    .ARM.Collect$$libinit$$00000000          0x080001ba   Section        2  libinit.o(.ARM.Collect$$libinit$$00000000)
    .ARM.Collect$$libinit$$00000002          0x080001bc   Section        0  libinit2.o(.ARM.Collect$$libinit$$00000002)
    .ARM.Collect$$libinit$$00000004          0x080001bc   Section        0  libinit2.o(.ARM.Collect$$libinit$$00000004)
    .ARM.Collect$$libinit$$0000000A          0x080001bc   Section        0  libinit2.o(.ARM.Collect$$libinit$$0000000A)
    .ARM.Collect$$libinit$$0000000C          0x080001bc   Section        0  libinit2.o(.ARM.Collect$$libinit$$0000000C)
    .ARM.Collect$$libinit$$0000000E          0x080001bc   Section        0  libinit2.o(.ARM.Collect$$libinit$$0000000E)
    .ARM.Collect$$libinit$$00000011          0x080001bc   Section        0  libinit2.o(.ARM.Collect$$libinit$$00000011)
    .ARM.Collect$$libinit$$00000013          0x080001bc   Section        0  libinit2.o(.ARM.Collect$$libinit$$00000013)
    .ARM.Collect$$libinit$$00000015          0x080001bc   Section        0  libinit2.o(.ARM.Collect$$libinit$$00000015)
    .ARM.Collect$$libinit$$00000017          0x080001bc   Section        0  libinit2.o(.ARM.Collect$$libinit$$00000017)
    .ARM.Collect$$libinit$$00000019          0x080001bc   Section        0  libinit2.o(.ARM.Collect$$libinit$$00000019)
    .ARM.Collect$$libinit$$0000001B          0x080001bc   Section        0  libinit2.o(.ARM.Collect$$libinit$$0000001B)
    .ARM.Collect$$libinit$$0000001D          0x080001bc   Section        0  libinit2.o(.ARM.Collect$$libinit$$0000001D)
    .ARM.Collect$$libinit$$0000001F          0x080001bc   Section        0  libinit2.o(.ARM.Collect$$libinit$$0000001F)
    .ARM.Collect$$libinit$$00000021          0x080001bc   Section        0  libinit2.o(.ARM.Collect$$libinit$$00000021)
    .ARM.Collect$$libinit$$00000023          0x080001bc   Section        0  libinit2.o(.ARM.Collect$$libinit$$00000023)
    .ARM.Collect$$libinit$$00000025          0x080001bc   Section        0  libinit2.o(.ARM.Collect$$libinit$$00000025)
    .ARM.Collect$$libinit$$0000002C          0x080001bc   Section        0  libinit2.o(.ARM.Collect$$libinit$$0000002C)
    .ARM.Collect$$libinit$$0000002E          0x080001bc   Section        0  libinit2.o(.ARM.Collect$$libinit$$0000002E)
    .ARM.Collect$$libinit$$00000030          0x080001bc   Section        0  libinit2.o(.ARM.Collect$$libinit$$00000030)
    .ARM.Collect$$libinit$$00000032          0x080001bc   Section        0  libinit2.o(.ARM.Collect$$libinit$$00000032)
    .ARM.Collect$$libinit$$00000033          0x080001bc   Section        2  libinit2.o(.ARM.Collect$$libinit$$00000033)
    .ARM.Collect$$libshutdown$$00000000      0x080001be   Section        2  libshutdown.o(.ARM.Collect$$libshutdown$$00000000)
    .ARM.Collect$$libshutdown$$00000003      0x080001c0   Section        0  libshutdown2.o(.ARM.Collect$$libshutdown$$00000003)
    .ARM.Collect$$libshutdown$$00000006      0x080001c0   Section        0  libshutdown2.o(.ARM.Collect$$libshutdown$$00000006)
    .ARM.Collect$$libshutdown$$00000009      0x080001c0   Section        0  libshutdown2.o(.ARM.Collect$$libshutdown$$00000009)
    .ARM.Collect$$libshutdown$$0000000B      0x080001c0   Section        0  libshutdown2.o(.ARM.Collect$$libshutdown$$0000000B)
    .ARM.Collect$$libshutdown$$0000000E      0x080001c0   Section        0  libshutdown2.o(.ARM.Collect$$libshutdown$$0000000E)
    .ARM.Collect$$libshutdown$$0000000F      0x080001c0   Section        2  libshutdown2.o(.ARM.Collect$$libshutdown$$0000000F)
    .ARM.Collect$$rtentry$$00000000          0x080001c2   Section        0  __rtentry.o(.ARM.Collect$$rtentry$$00000000)
    .ARM.Collect$$rtentry$$00000002          0x080001c2   Section        0  __rtentry2.o(.ARM.Collect$$rtentry$$00000002)
    .ARM.Collect$$rtentry$$00000004          0x080001c2   Section        6  __rtentry4.o(.ARM.Collect$$rtentry$$00000004)
    .ARM.Collect$$rtentry$$00000009          0x080001c8   Section        0  __rtentry2.o(.ARM.Collect$$rtentry$$00000009)
    .ARM.Collect$$rtentry$$0000000A          0x080001c8   Section        4  __rtentry2.o(.ARM.Collect$$rtentry$$0000000A)
    .ARM.Collect$$rtentry$$0000000C          0x080001cc   Section        0  __rtentry2.o(.ARM.Collect$$rtentry$$0000000C)
    .ARM.Collect$$rtentry$$0000000D          0x080001cc   Section        8  __rtentry2.o(.ARM.Collect$$rtentry$$0000000D)
    .ARM.Collect$$rtexit$$00000000           0x080001d4   Section        2  rtexit.o(.ARM.Collect$$rtexit$$00000000)
    .ARM.Collect$$rtexit$$00000002           0x080001d6   Section        0  rtexit2.o(.ARM.Collect$$rtexit$$00000002)
    .ARM.Collect$$rtexit$$00000003           0x080001d6   Section        4  rtexit2.o(.ARM.Collect$$rtexit$$00000003)
    .ARM.Collect$$rtexit$$00000004           0x080001da   Section        6  rtexit2.o(.ARM.Collect$$rtexit$$00000004)
    .text                                    0x080001e0   Section       64  startup_stm32f10x_hd.o(.text)
    .text                                    0x08000220   Section        2  use_no_semi_2.o(.text)
    .text                                    0x08000224   Section        0  noretval__2printf.o(.text)
    .text                                    0x0800023c   Section        0  __printf.o(.text)
    .text                                    0x080002a4   Section        0  _printf_str.o(.text)
    .text                                    0x080002f8   Section        0  _printf_dec.o(.text)
    .text                                    0x08000370   Section        0  _printf_hex_int.o(.text)
    .text                                    0x080003c8   Section      128  strcmpv7m.o(.text)
    .text                                    0x08000448   Section        0  heapauxi.o(.text)
    .text                                    0x0800044e   Section        2  use_no_semi.o(.text)
    .text                                    0x08000450   Section        0  _rserrno.o(.text)
    .text                                    0x08000466   Section        0  _printf_intcommon.o(.text)
    .text                                    0x08000518   Section        0  _printf_char.o(.text)
    .text                                    0x08000544   Section        0  _printf_char_file.o(.text)
    .text                                    0x08000568   Section        8  rt_errno_addr_intlibspace.o(.text)
    .text                                    0x08000570   Section        0  _printf_char_common.o(.text)
    _printf_input_char                       0x08000571   Thumb Code    10  _printf_char_common.o(.text)
    .text                                    0x080005a0   Section        0  ferror.o(.text)
    .text                                    0x080005a8   Section        8  libspace.o(.text)
    .text                                    0x080005b0   Section       74  sys_stackheap_outer.o(.text)
    .text                                    0x080005fa   Section        0  exit.o(.text)
    i.AT24CXX_Init                           0x08000606   Section        0  24cxx.o(i.AT24CXX_Init)
    i.AT24CXX_ReadLenByte                    0x0800060e   Section        0  24cxx.o(i.AT24CXX_ReadLenByte)
    i.AT24CXX_ReadOneByte                    0x0800063a   Section        0  24cxx.o(i.AT24CXX_ReadOneByte)
    i.AT24CXX_WriteLenByte                   0x08000692   Section        0  24cxx.o(i.AT24CXX_WriteLenByte)
    i.AT24CXX_WriteOneByte                   0x080006bc   Section        0  24cxx.o(i.AT24CXX_WriteOneByte)
    i.CT_Delay                               0x0800070c   Section        0  ctiic.o(i.CT_Delay)
    i.CT_IIC_Ack                             0x08000718   Section        0  ctiic.o(i.CT_IIC_Ack)
    i.CT_IIC_Init                            0x08000764   Section        0  ctiic.o(i.CT_IIC_Init)
    i.CT_IIC_NAck                            0x080007ac   Section        0  ctiic.o(i.CT_IIC_NAck)
    i.CT_IIC_Read_Byte                       0x080007f8   Section        0  ctiic.o(i.CT_IIC_Read_Byte)
    i.CT_IIC_Send_Byte                       0x08000860   Section        0  ctiic.o(i.CT_IIC_Send_Byte)
    i.CT_IIC_Start                           0x080008bc   Section        0  ctiic.o(i.CT_IIC_Start)
    i.CT_IIC_Stop                            0x08000904   Section        0  ctiic.o(i.CT_IIC_Stop)
    i.CT_IIC_Wait_Ack                        0x0800094c   Section        0  ctiic.o(i.CT_IIC_Wait_Ack)
    i.FT5206_Init                            0x080009b0   Section        0  ft5206.o(i.FT5206_Init)
    i.FT5206_RD_Reg                          0x08000aa0   Section        0  ft5206.o(i.FT5206_RD_Reg)
    i.FT5206_Scan                            0x08000af8   Section        0  ft5206.o(i.FT5206_Scan)
    i.FT5206_WR_Reg                          0x08000c94   Section        0  ft5206.o(i.FT5206_WR_Reg)
    i.GPIO_Init                              0x08000ce6   Section        0  stm32f10x_gpio.o(i.GPIO_Init)
    i.GPIO_PinRemapConfig                    0x08000dfc   Section        0  stm32f10x_gpio.o(i.GPIO_PinRemapConfig)
    i.GPIO_ResetBits                         0x08000e8c   Section        0  stm32f10x_gpio.o(i.GPIO_ResetBits)
    i.GPIO_SetBits                           0x08000e90   Section        0  stm32f10x_gpio.o(i.GPIO_SetBits)
    i.GT9147_Init                            0x08000e94   Section        0  gt9147.o(i.GT9147_Init)
    i.GT9147_RD_Reg                          0x08000fbc   Section        0  gt9147.o(i.GT9147_RD_Reg)
    i.GT9147_Scan                            0x08001020   Section        0  gt9147.o(i.GT9147_Scan)
    i.GT9147_Send_Cfg                        0x080011c4   Section        0  gt9147.o(i.GT9147_Send_Cfg)
    i.GT9147_WR_Reg                          0x08001220   Section        0  gt9147.o(i.GT9147_WR_Reg)
    i.IIC_Ack                                0x0800127c   Section        0  myiic.o(i.IIC_Ack)
    i.IIC_Init                               0x080012cc   Section        0  myiic.o(i.IIC_Init)
    i.IIC_NAck                               0x0800130c   Section        0  myiic.o(i.IIC_NAck)
    i.IIC_Read_Byte                          0x0800135c   Section        0  myiic.o(i.IIC_Read_Byte)
    i.IIC_Send_Byte                          0x080013cc   Section        0  myiic.o(i.IIC_Send_Byte)
    i.IIC_Start                              0x08001434   Section        0  myiic.o(i.IIC_Start)
    i.IIC_Stop                               0x08001480   Section        0  myiic.o(i.IIC_Stop)
    i.IIC_Wait_Ack                           0x080014cc   Section        0  myiic.o(i.IIC_Wait_Ack)
    i.KEY_Init                               0x08001530   Section        0  key.o(i.KEY_Init)
    i.LCD_Clear                              0x08001590   Section        0  lcd.o(i.LCD_Clear)
    i.LCD_Display_Dir                        0x08001618   Section        0  lcd.o(i.LCD_Display_Dir)
    i.LCD_DrawLine                           0x080017d8   Section        0  lcd.o(i.LCD_DrawLine)
    i.LCD_DrawPoint                          0x08001888   Section        0  lcd.o(i.LCD_DrawPoint)
    i.LCD_Draw_Circle                        0x080018c8   Section        0  lcd.o(i.LCD_Draw_Circle)
    i.LCD_Fast_DrawPoint                     0x08001960   Section        0  lcd.o(i.LCD_Fast_DrawPoint)
    i.LCD_Init                               0x08001cc4   Section        0  lcd.o(i.LCD_Init)
    i.LCD_Pow                                0x08005880   Section        0  lcd.o(i.LCD_Pow)
    i.LCD_RD_DATA                            0x08005898   Section        0  lcd.o(i.LCD_RD_DATA)
    i.LCD_ReadReg                            0x08005908   Section        0  lcd.o(i.LCD_ReadReg)
    i.LCD_SSD_BackLightSet                   0x08005918   Section        0  lcd.o(i.LCD_SSD_BackLightSet)
    i.LCD_Scan_Dir                           0x080059ec   Section        0  lcd.o(i.LCD_Scan_Dir)
    i.LCD_SetCursor                          0x08005e44   Section        0  lcd.o(i.LCD_SetCursor)
    i.LCD_ShowChar                           0x08006200   Section        0  lcd.o(i.LCD_ShowChar)
    i.LCD_ShowNum                            0x08006328   Section        0  lcd.o(i.LCD_ShowNum)
    i.LCD_ShowString                         0x080063bc   Section        0  lcd.o(i.LCD_ShowString)
    i.LCD_WR_DATAX                           0x08006424   Section        0  lcd.o(i.LCD_WR_DATAX)
    i.LCD_WR_REG                             0x08006448   Section        0  lcd.o(i.LCD_WR_REG)
    i.LCD_WriteRAM_Prepare                   0x0800646c   Section        0  lcd.o(i.LCD_WriteRAM_Prepare)
    i.LCD_WriteReg                           0x0800647c   Section        0  lcd.o(i.LCD_WriteReg)
    i.LED_Init                               0x080064ac   Section        0  led.o(i.LED_Init)
    i.NVIC_Init                              0x080064fc   Section        0  misc.o(i.NVIC_Init)
    i.NVIC_PriorityGroupConfig               0x0800656c   Section        0  misc.o(i.NVIC_PriorityGroupConfig)
    i.OTT2001A_Init                          0x08006580   Section        0  ott2001a.o(i.OTT2001A_Init)
    i.OTT2001A_RD_Reg                        0x08006634   Section        0  ott2001a.o(i.OTT2001A_RD_Reg)
    i.OTT2001A_Scan                          0x08006698   Section        0  ott2001a.o(i.OTT2001A_Scan)
    i.OTT2001A_SensorControl                 0x08006878   Section        0  ott2001a.o(i.OTT2001A_SensorControl)
    i.OTT2001A_WR_Reg                        0x08006894   Section        0  ott2001a.o(i.OTT2001A_WR_Reg)
    i.RCC_APB2PeriphClockCmd                 0x080068f0   Section        0  stm32f10x_rcc.o(i.RCC_APB2PeriphClockCmd)
    i.RCC_GetClocksFreq                      0x08006910   Section        0  stm32f10x_rcc.o(i.RCC_GetClocksFreq)
    i.SetSysClock                            0x080069e4   Section        0  system_stm32f10x.o(i.SetSysClock)
    SetSysClock                              0x080069e5   Thumb Code     8  system_stm32f10x.o(i.SetSysClock)
    i.SetSysClockTo72                        0x080069ec   Section        0  system_stm32f10x.o(i.SetSysClockTo72)
    SetSysClockTo72                          0x080069ed   Thumb Code   214  system_stm32f10x.o(i.SetSysClockTo72)
    i.SysTick_CLKSourceConfig                0x08006acc   Section        0  misc.o(i.SysTick_CLKSourceConfig)
    i.SystemInit                             0x08006af4   Section        0  system_stm32f10x.o(i.SystemInit)
    i.TIM5_IRQHandler                        0x08006b54   Section        0  remote.o(i.TIM5_IRQHandler)
    i.TIM_ClearFlag                          0x08006cec   Section        0  stm32f10x_tim.o(i.TIM_ClearFlag)
    i.TIM_GetCapture2                        0x08006cf2   Section        0  stm32f10x_tim.o(i.TIM_GetCapture2)
    i.TIM_GetITStatus                        0x08006cf8   Section        0  stm32f10x_tim.o(i.TIM_GetITStatus)
    i.TIM_OC2PolarityConfig                  0x08006d1a   Section        0  stm32f10x_tim.o(i.TIM_OC2PolarityConfig)
    i.TIM_SetCounter                         0x08006d34   Section        0  stm32f10x_tim.o(i.TIM_SetCounter)
    i.TP_Adj_Info_Show                       0x08006d38   Section        0  touch.o(i.TP_Adj_Info_Show)
    i.TP_Adjust                              0x08006ee0   Section        0  touch.o(i.TP_Adjust)
    i.TP_Draw_Touch_Point                    0x080073e0   Section        0  touch.o(i.TP_Draw_Touch_Point)
    i.TP_Get_Adjdata                         0x08007450   Section        0  touch.o(i.TP_Get_Adjdata)
    i.TP_Init                                0x080074f8   Section        0  touch.o(i.TP_Init)
    i.TP_Read_AD                             0x08007608   Section        0  touch.o(i.TP_Read_AD)
    i.TP_Read_XOY                            0x08007690   Section        0  touch.o(i.TP_Read_XOY)
    i.TP_Read_XY                             0x08007708   Section        0  touch.o(i.TP_Read_XY)
    i.TP_Read_XY2                            0x08007738   Section        0  touch.o(i.TP_Read_XY2)
    i.TP_Save_Adjdata                        0x080077f8   Section        0  touch.o(i.TP_Save_Adjdata)
    i.TP_Scan                                0x08007870   Section        0  touch.o(i.TP_Scan)
    i.TP_Write_Byte                          0x08007980   Section        0  touch.o(i.TP_Write_Byte)
    i.USART1_IRQHandler                      0x080079c0   Section        0  usart.o(i.USART1_IRQHandler)
    i.USART_Cmd                              0x08007a48   Section        0  stm32f10x_usart.o(i.USART_Cmd)
    i.USART_GetITStatus                      0x08007a60   Section        0  stm32f10x_usart.o(i.USART_GetITStatus)
    i.USART_ITConfig                         0x08007ab4   Section        0  stm32f10x_usart.o(i.USART_ITConfig)
    i.USART_Init                             0x08007b00   Section        0  stm32f10x_usart.o(i.USART_Init)
    i.USART_ReceiveData                      0x08007bd8   Section        0  stm32f10x_usart.o(i.USART_ReceiveData)
    i._sys_exit                              0x08007be2   Section        0  usart.o(i._sys_exit)
    i.collaborators                          0x08007be8   Section        0  main.o(i.collaborators)
    i.delay_init                             0x08007dcc   Section        0  delay.o(i.delay_init)
    i.delay_ms                               0x08007e10   Section        0  delay.o(i.delay_ms)
    i.delay_us                               0x08007e5c   Section        0  delay.o(i.delay_us)
    i.fputc                                  0x08007ea8   Section        0  usart.o(i.fputc)
    i.gameover                               0x08007ec4   Section        0  main.o(i.gameover)
    i.main                                   0x080080a0   Section        0  main.o(i.main)
    i.main_prog                              0x080080d8   Section        0  main.o(i.main_prog)
    i.menu                                   0x0800816c   Section        0  main.o(i.menu)
    i.print_block                            0x0800836c   Section        0  main.o(i.print_block)
    i.sqrt                                   0x080083a4   Section        0  sqrt.o(i.sqrt)
    i.uart_init                              0x080083f0   Section        0  usart.o(i.uart_init)
    x$fpl$dadd                               0x08008490   Section      336  daddsub_clz.o(x$fpl$dadd)
    _dadd1                                   0x080084a1   Thumb Code     0  daddsub_clz.o(x$fpl$dadd)
    x$fpl$dcmpinf                            0x080085e0   Section       24  dcmpi.o(x$fpl$dcmpinf)
    x$fpl$dfixu                              0x080085f8   Section       90  dfixu.o(x$fpl$dfixu)
    x$fpl$dflt                               0x08008652   Section       46  dflt_clz.o(x$fpl$dflt)
    x$fpl$dfltu                              0x08008680   Section       38  dflt_clz.o(x$fpl$dfltu)
    x$fpl$dleqf                              0x080086a8   Section      120  dleqf.o(x$fpl$dleqf)
    x$fpl$dmul                               0x08008720   Section      340  dmul.o(x$fpl$dmul)
    x$fpl$dnaninf                            0x08008874   Section      156  dnaninf.o(x$fpl$dnaninf)
    x$fpl$dretinf                            0x08008910   Section       12  dretinf.o(x$fpl$dretinf)
    x$fpl$drleqf                             0x0800891c   Section      108  drleqf.o(x$fpl$drleqf)
    x$fpl$drsb                               0x08008988   Section       22  daddsub_clz.o(x$fpl$drsb)
    x$fpl$dsqrt                              0x080089a0   Section      460  dsqrt_noumaal.o(x$fpl$dsqrt)
    x$fpl$dsub                               0x08008b6c   Section      468  daddsub_clz.o(x$fpl$dsub)
    _dsub1                                   0x08008b7d   Thumb Code     0  daddsub_clz.o(x$fpl$dsub)
    x$fpl$f2d                                0x08008d40   Section       86  f2d.o(x$fpl$f2d)
    x$fpl$fadd                               0x08008d98   Section      196  faddsub_clz.o(x$fpl$fadd)
    _fadd1                                   0x08008da7   Thumb Code     0  faddsub_clz.o(x$fpl$fadd)
    x$fpl$fdiv                               0x08008e5c   Section      388  fdiv.o(x$fpl$fdiv)
    _fdiv1                                   0x08008e5d   Thumb Code     0  fdiv.o(x$fpl$fdiv)
    x$fpl$ffix                               0x08008fe0   Section       54  ffix.o(x$fpl$ffix)
    x$fpl$ffixu                              0x08009018   Section       62  ffixu.o(x$fpl$ffixu)
    x$fpl$fflt                               0x08009058   Section       48  fflt_clz.o(x$fpl$fflt)
    x$fpl$ffltu                              0x08009088   Section       38  fflt_clz.o(x$fpl$ffltu)
    x$fpl$fmul                               0x080090b0   Section      258  fmul.o(x$fpl$fmul)
    x$fpl$fnaninf                            0x080091b2   Section      140  fnaninf.o(x$fpl$fnaninf)
    x$fpl$fretinf                            0x0800923e   Section       10  fretinf.o(x$fpl$fretinf)
    x$fpl$fsub                               0x08009248   Section      234  faddsub_clz.o(x$fpl$fsub)
    _fsub1                                   0x08009257   Thumb Code     0  faddsub_clz.o(x$fpl$fsub)
    .constdata                               0x08009332   Section     6080  lcd.o(.constdata)
    x$fpl$usenofp                            0x08009332   Section        0  usenofp.o(x$fpl$usenofp)
    .constdata                               0x0800aaf2   Section       12  touch.o(.constdata)
    .constdata                               0x0800aafe   Section       10  ott2001a.o(.constdata)
    .constdata                               0x0800ab08   Section      194  gt9147.o(.constdata)
    .constdata                               0x0800abca   Section       10  ft5206.o(.constdata)
    .constdata                               0x0800abd4   Section       40  _printf_hex_int.o(.constdata)
    uc_hextab                                0x0800abd4   Data          20  _printf_hex_int.o(.constdata)
    lc_hextab                                0x0800abe8   Data          20  _printf_hex_int.o(.constdata)
    .conststring                             0x0800abfc   Section      121  touch.o(.conststring)
    .data                                    0x20000000   Section       12  main.o(.data)
    .data                                    0x2000000c   Section        4  lcd.o(.data)
    .data                                    0x20000010   Section        9  remote.o(.data)
    .data                                    0x2000001c   Section       60  touch.o(.data)
    .data                                    0x20000058   Section        1  ott2001a.o(.data)
    t                                        0x20000058   Data           1  ott2001a.o(.data)
    .data                                    0x20000059   Section        1  gt9147.o(.data)
    t                                        0x20000059   Data           1  gt9147.o(.data)
    .data                                    0x2000005a   Section        1  ft5206.o(.data)
    t                                        0x2000005a   Data           1  ft5206.o(.data)
    .data                                    0x2000005c   Section        4  delay.o(.data)
    fac_us                                   0x2000005c   Data           1  delay.o(.data)
    fac_ms                                   0x2000005e   Data           2  delay.o(.data)
    .data                                    0x20000060   Section        6  usart.o(.data)
    .data                                    0x20000066   Section       20  stm32f10x_rcc.o(.data)
    APBAHBPrescTable                         0x20000066   Data          16  stm32f10x_rcc.o(.data)
    ADCPrescTable                            0x20000076   Data           4  stm32f10x_rcc.o(.data)
    .data                                    0x2000007c   Section       20  system_stm32f10x.o(.data)
    .bss                                     0x20000090   Section       14  lcd.o(.bss)
    .bss                                     0x2000009e   Section      200  usart.o(.bss)
    .bss                                     0x20000168   Section       96  libspace.o(.bss)
    HEAP                                     0x200001c8   Section      512  startup_stm32f10x_hd.o(HEAP)
    Heap_Mem                                 0x200001c8   Data         512  startup_stm32f10x_hd.o(HEAP)
    STACK                                    0x200003c8   Section     1024  startup_stm32f10x_hd.o(STACK)
    Stack_Mem                                0x200003c8   Data        1024  startup_stm32f10x_hd.o(STACK)
    __initial_sp                             0x200007c8   Data           0  startup_stm32f10x_hd.o(STACK)

    Global Symbols

    Symbol Name                              Value     Ov Type        Size  Object(Section)

    BuildAttributes$$THM_ISAv4$P$D$K$B$S$PE$A:L22UL41UL21$X:L11$S22US41US21$IEEE1$IW$USESV6$~STKCKD$USESV7$~SHL$OTIME$ROPI$IEEEJ$EBA8$UX$STANDARDLIB$REQ8$PRES8$EABIv2 0x00000000   Number         0  anon$$obj.o ABSOLUTE
    __ARM_use_no_argv                        0x00000000   Number         0  main.o ABSOLUTE
    __ARM_exceptions_init                     - Undefined Weak Reference
    __alloca_initialize                       - Undefined Weak Reference
    __arm_preinit_                            - Undefined Weak Reference
    __cpp_initialize__aeabi_                  - Undefined Weak Reference
    __cxa_finalize                            - Undefined Weak Reference
    __rt_locale                               - Undefined Weak Reference
    __sigvec_lookup                           - Undefined Weak Reference
    _atexit_init                              - Undefined Weak Reference
    _call_atexit_fns                          - Undefined Weak Reference
    _clock_init                               - Undefined Weak Reference
    _fp_trap_init                             - Undefined Weak Reference
    _fp_trap_shutdown                         - Undefined Weak Reference
    _get_lc_collate                           - Undefined Weak Reference
    _get_lc_ctype                             - Undefined Weak Reference
    _get_lc_monetary                          - Undefined Weak Reference
    _get_lc_numeric                           - Undefined Weak Reference
    _get_lc_time                              - Undefined Weak Reference
    _getenv_init                              - Undefined Weak Reference
    _handle_redirection                       - Undefined Weak Reference
    _init_alloc                               - Undefined Weak Reference
    _init_user_alloc                          - Undefined Weak Reference
    _initio                                   - Undefined Weak Reference
    _mutex_acquire                            - Undefined Weak Reference
    _mutex_release                            - Undefined Weak Reference
    _printf_mbtowc                            - Undefined Weak Reference
    _printf_post_padding                      - Undefined Weak Reference
    _printf_pre_padding                       - Undefined Weak Reference
    _printf_truncate_signed                   - Undefined Weak Reference
    _printf_truncate_unsigned                 - Undefined Weak Reference
    _rand_init                                - Undefined Weak Reference
    _signal_finish                            - Undefined Weak Reference
    _signal_init                              - Undefined Weak Reference
    _terminate_alloc                          - Undefined Weak Reference
    _terminate_user_alloc                     - Undefined Weak Reference
    _terminateio                              - Undefined Weak Reference
    __Vectors_Size                           0x00000130   Number         0  startup_stm32f10x_hd.o ABSOLUTE
    __Vectors                                0x08000000   Data           4  startup_stm32f10x_hd.o(RESET)
    __Vectors_End                            0x08000130   Data           0  startup_stm32f10x_hd.o(RESET)
    __main                                   0x08000131   Thumb Code     8  __main.o(!!!main)
    __scatterload                            0x08000139   Thumb Code     0  __scatter.o(!!!scatter)
    __scatterload_rt2                        0x08000139   Thumb Code    44  __scatter.o(!!!scatter)
    __scatterload_rt2_thumb_only             0x08000139   Thumb Code     0  __scatter.o(!!!scatter)
    __scatterload_null                       0x08000147   Thumb Code     0  __scatter.o(!!!scatter)
    __scatterload_copy                       0x0800016d   Thumb Code    26  __scatter_copy.o(!!handler_copy)
    __scatterload_zeroinit                   0x08000189   Thumb Code    28  __scatter_zi.o(!!handler_zi)
    _printf_d                                0x080001a5   Thumb Code     0  _printf_d.o(.ARM.Collect$$_printf_percent$$00000009)
    _printf_percent                          0x080001a5   Thumb Code     0  _printf_percent.o(.ARM.Collect$$_printf_percent$$00000000)
    _printf_x                                0x080001ab   Thumb Code     0  _printf_x.o(.ARM.Collect$$_printf_percent$$0000000C)
    _printf_s                                0x080001b1   Thumb Code     0  _printf_s.o(.ARM.Collect$$_printf_percent$$00000014)
    _printf_percent_end                      0x080001b7   Thumb Code     0  _printf_percent_end.o(.ARM.Collect$$_printf_percent$$00000017)
    __rt_lib_init                            0x080001bb   Thumb Code     0  libinit.o(.ARM.Collect$$libinit$$00000000)
    __rt_lib_init_alloca_1                   0x080001bd   Thumb Code     0  libinit2.o(.ARM.Collect$$libinit$$0000002E)
    __rt_lib_init_argv_1                     0x080001bd   Thumb Code     0  libinit2.o(.ARM.Collect$$libinit$$0000002C)
    __rt_lib_init_atexit_1                   0x080001bd   Thumb Code     0  libinit2.o(.ARM.Collect$$libinit$$0000001B)
    __rt_lib_init_clock_1                    0x080001bd   Thumb Code     0  libinit2.o(.ARM.Collect$$libinit$$00000021)
    __rt_lib_init_cpp_1                      0x080001bd   Thumb Code     0  libinit2.o(.ARM.Collect$$libinit$$00000032)
    __rt_lib_init_exceptions_1               0x080001bd   Thumb Code     0  libinit2.o(.ARM.Collect$$libinit$$00000030)
    __rt_lib_init_fp_1                       0x080001bd   Thumb Code     0  libinit2.o(.ARM.Collect$$libinit$$00000002)
    __rt_lib_init_fp_trap_1                  0x080001bd   Thumb Code     0  libinit2.o(.ARM.Collect$$libinit$$0000001F)
    __rt_lib_init_getenv_1                   0x080001bd   Thumb Code     0  libinit2.o(.ARM.Collect$$libinit$$00000023)
    __rt_lib_init_heap_1                     0x080001bd   Thumb Code     0  libinit2.o(.ARM.Collect$$libinit$$0000000A)
    __rt_lib_init_lc_collate_1               0x080001bd   Thumb Code     0  libinit2.o(.ARM.Collect$$libinit$$00000011)
    __rt_lib_init_lc_ctype_1                 0x080001bd   Thumb Code     0  libinit2.o(.ARM.Collect$$libinit$$00000013)
    __rt_lib_init_lc_monetary_1              0x080001bd   Thumb Code     0  libinit2.o(.ARM.Collect$$libinit$$00000015)
    __rt_lib_init_lc_numeric_1               0x080001bd   Thumb Code     0  libinit2.o(.ARM.Collect$$libinit$$00000017)
    __rt_lib_init_lc_time_1                  0x080001bd   Thumb Code     0  libinit2.o(.ARM.Collect$$libinit$$00000019)
    __rt_lib_init_preinit_1                  0x080001bd   Thumb Code     0  libinit2.o(.ARM.Collect$$libinit$$00000004)
    __rt_lib_init_rand_1                     0x080001bd   Thumb Code     0  libinit2.o(.ARM.Collect$$libinit$$0000000E)
    __rt_lib_init_return                     0x080001bd   Thumb Code     0  libinit2.o(.ARM.Collect$$libinit$$00000033)
    __rt_lib_init_signal_1                   0x080001bd   Thumb Code     0  libinit2.o(.ARM.Collect$$libinit$$0000001D)
    __rt_lib_init_stdio_1                    0x080001bd   Thumb Code     0  libinit2.o(.ARM.Collect$$libinit$$00000025)
    __rt_lib_init_user_alloc_1               0x080001bd   Thumb Code     0  libinit2.o(.ARM.Collect$$libinit$$0000000C)
    __rt_lib_shutdown                        0x080001bf   Thumb Code     0  libshutdown.o(.ARM.Collect$$libshutdown$$00000000)
    __rt_lib_shutdown_fp_trap_1              0x080001c1   Thumb Code     0  libshutdown2.o(.ARM.Collect$$libshutdown$$00000006)
    __rt_lib_shutdown_heap_1                 0x080001c1   Thumb Code     0  libshutdown2.o(.ARM.Collect$$libshutdown$$0000000E)
    __rt_lib_shutdown_return                 0x080001c1   Thumb Code     0  libshutdown2.o(.ARM.Collect$$libshutdown$$0000000F)
    __rt_lib_shutdown_signal_1               0x080001c1   Thumb Code     0  libshutdown2.o(.ARM.Collect$$libshutdown$$00000009)
    __rt_lib_shutdown_stdio_1                0x080001c1   Thumb Code     0  libshutdown2.o(.ARM.Collect$$libshutdown$$00000003)
    __rt_lib_shutdown_user_alloc_1           0x080001c1   Thumb Code     0  libshutdown2.o(.ARM.Collect$$libshutdown$$0000000B)
    __rt_entry                               0x080001c3   Thumb Code     0  __rtentry.o(.ARM.Collect$$rtentry$$00000000)
    __rt_entry_presh_1                       0x080001c3   Thumb Code     0  __rtentry2.o(.ARM.Collect$$rtentry$$00000002)
    __rt_entry_sh                            0x080001c3   Thumb Code     0  __rtentry4.o(.ARM.Collect$$rtentry$$00000004)
    __rt_entry_li                            0x080001c9   Thumb Code     0  __rtentry2.o(.ARM.Collect$$rtentry$$0000000A)
    __rt_entry_postsh_1                      0x080001c9   Thumb Code     0  __rtentry2.o(.ARM.Collect$$rtentry$$00000009)
    __rt_entry_main                          0x080001cd   Thumb Code     0  __rtentry2.o(.ARM.Collect$$rtentry$$0000000D)
    __rt_entry_postli_1                      0x080001cd   Thumb Code     0  __rtentry2.o(.ARM.Collect$$rtentry$$0000000C)
    __rt_exit                                0x080001d5   Thumb Code     0  rtexit.o(.ARM.Collect$$rtexit$$00000000)
    __rt_exit_ls                             0x080001d7   Thumb Code     0  rtexit2.o(.ARM.Collect$$rtexit$$00000003)
    __rt_exit_prels_1                        0x080001d7   Thumb Code     0  rtexit2.o(.ARM.Collect$$rtexit$$00000002)
    __rt_exit_exit                           0x080001db   Thumb Code     0  rtexit2.o(.ARM.Collect$$rtexit$$00000004)
    Reset_Handler                            0x080001e1   Thumb Code     8  startup_stm32f10x_hd.o(.text)
    NMI_Handler                              0x080001e9   Thumb Code     2  startup_stm32f10x_hd.o(.text)
    HardFault_Handler                        0x080001eb   Thumb Code     2  startup_stm32f10x_hd.o(.text)
    MemManage_Handler                        0x080001ed   Thumb Code     2  startup_stm32f10x_hd.o(.text)
    BusFault_Handler                         0x080001ef   Thumb Code     2  startup_stm32f10x_hd.o(.text)
    UsageFault_Handler                       0x080001f1   Thumb Code     2  startup_stm32f10x_hd.o(.text)
    SVC_Handler                              0x080001f3   Thumb Code     2  startup_stm32f10x_hd.o(.text)
    DebugMon_Handler                         0x080001f5   Thumb Code     2  startup_stm32f10x_hd.o(.text)
    PendSV_Handler                           0x080001f7   Thumb Code     2  startup_stm32f10x_hd.o(.text)
    SysTick_Handler                          0x080001f9   Thumb Code     2  startup_stm32f10x_hd.o(.text)
    ADC1_2_IRQHandler                        0x080001fb   Thumb Code     0  startup_stm32f10x_hd.o(.text)
    ADC3_IRQHandler                          0x080001fb   Thumb Code     0  startup_stm32f10x_hd.o(.text)
    CAN1_RX1_IRQHandler                      0x080001fb   Thumb Code     0  startup_stm32f10x_hd.o(.text)
    CAN1_SCE_IRQHandler                      0x080001fb   Thumb Code     0  startup_stm32f10x_hd.o(.text)
    DMA1_Channel1_IRQHandler                 0x080001fb   Thumb Code     0  startup_stm32f10x_hd.o(.text)
    DMA1_Channel2_IRQHandler                 0x080001fb   Thumb Code     0  startup_stm32f10x_hd.o(.text)
    DMA1_Channel3_IRQHandler                 0x080001fb   Thumb Code     0  startup_stm32f10x_hd.o(.text)
    DMA1_Channel4_IRQHandler                 0x080001fb   Thumb Code     0  startup_stm32f10x_hd.o(.text)
    DMA1_Channel5_IRQHandler                 0x080001fb   Thumb Code     0  startup_stm32f10x_hd.o(.text)
    DMA1_Channel6_IRQHandler                 0x080001fb   Thumb Code     0  startup_stm32f10x_hd.o(.text)
    DMA1_Channel7_IRQHandler                 0x080001fb   Thumb Code     0  startup_stm32f10x_hd.o(.text)
    DMA2_Channel1_IRQHandler                 0x080001fb   Thumb Code     0  startup_stm32f10x_hd.o(.text)
    DMA2_Channel2_IRQHandler                 0x080001fb   Thumb Code     0  startup_stm32f10x_hd.o(.text)
    DMA2_Channel3_IRQHandler                 0x080001fb   Thumb Code     0  startup_stm32f10x_hd.o(.text)
    DMA2_Channel4_5_IRQHandler               0x080001fb   Thumb Code     0  startup_stm32f10x_hd.o(.text)
    EXTI0_IRQHandler                         0x080001fb   Thumb Code     0  startup_stm32f10x_hd.o(.text)
    EXTI15_10_IRQHandler                     0x080001fb   Thumb Code     0  startup_stm32f10x_hd.o(.text)
    EXTI1_IRQHandler                         0x080001fb   Thumb Code     0  startup_stm32f10x_hd.o(.text)
    EXTI2_IRQHandler                         0x080001fb   Thumb Code     0  startup_stm32f10x_hd.o(.text)
    EXTI3_IRQHandler                         0x080001fb   Thumb Code     0  startup_stm32f10x_hd.o(.text)
    EXTI4_IRQHandler                         0x080001fb   Thumb Code     0  startup_stm32f10x_hd.o(.text)
    EXTI9_5_IRQHandler                       0x080001fb   Thumb Code     0  startup_stm32f10x_hd.o(.text)
    FLASH_IRQHandler                         0x080001fb   Thumb Code     0  startup_stm32f10x_hd.o(.text)
    FSMC_IRQHandler                          0x080001fb   Thumb Code     0  startup_stm32f10x_hd.o(.text)
    I2C1_ER_IRQHandler                       0x080001fb   Thumb Code     0  startup_stm32f10x_hd.o(.text)
    I2C1_EV_IRQHandler                       0x080001fb   Thumb Code     0  startup_stm32f10x_hd.o(.text)
    I2C2_ER_IRQHandler                       0x080001fb   Thumb Code     0  startup_stm32f10x_hd.o(.text)
    I2C2_EV_IRQHandler                       0x080001fb   Thumb Code     0  startup_stm32f10x_hd.o(.text)
    PVD_IRQHandler                           0x080001fb   Thumb Code     0  startup_stm32f10x_hd.o(.text)
    RCC_IRQHandler                           0x080001fb   Thumb Code     0  startup_stm32f10x_hd.o(.text)
    RTCAlarm_IRQHandler                      0x080001fb   Thumb Code     0  startup_stm32f10x_hd.o(.text)
    RTC_IRQHandler                           0x080001fb   Thumb Code     0  startup_stm32f10x_hd.o(.text)
    SDIO_IRQHandler                          0x080001fb   Thumb Code     0  startup_stm32f10x_hd.o(.text)
    SPI1_IRQHandler                          0x080001fb   Thumb Code     0  startup_stm32f10x_hd.o(.text)
    SPI2_IRQHandler                          0x080001fb   Thumb Code     0  startup_stm32f10x_hd.o(.text)
    SPI3_IRQHandler                          0x080001fb   Thumb Code     0  startup_stm32f10x_hd.o(.text)
    TAMPER_IRQHandler                        0x080001fb   Thumb Code     0  startup_stm32f10x_hd.o(.text)
    TIM1_BRK_IRQHandler                      0x080001fb   Thumb Code     0  startup_stm32f10x_hd.o(.text)
    TIM1_CC_IRQHandler                       0x080001fb   Thumb Code     0  startup_stm32f10x_hd.o(.text)
    TIM1_TRG_COM_IRQHandler                  0x080001fb   Thumb Code     0  startup_stm32f10x_hd.o(.text)
    TIM1_UP_IRQHandler                       0x080001fb   Thumb Code     0  startup_stm32f10x_hd.o(.text)
    TIM2_IRQHandler                          0x080001fb   Thumb Code     0  startup_stm32f10x_hd.o(.text)
    TIM3_IRQHandler                          0x080001fb   Thumb Code     0  startup_stm32f10x_hd.o(.text)
    TIM4_IRQHandler                          0x080001fb   Thumb Code     0  startup_stm32f10x_hd.o(.text)
    TIM6_IRQHandler                          0x080001fb   Thumb Code     0  startup_stm32f10x_hd.o(.text)
    TIM7_IRQHandler                          0x080001fb   Thumb Code     0  startup_stm32f10x_hd.o(.text)
    TIM8_BRK_IRQHandler                      0x080001fb   Thumb Code     0  startup_stm32f10x_hd.o(.text)
    TIM8_CC_IRQHandler                       0x080001fb   Thumb Code     0  startup_stm32f10x_hd.o(.text)
    TIM8_TRG_COM_IRQHandler                  0x080001fb   Thumb Code     0  startup_stm32f10x_hd.o(.text)
    TIM8_UP_IRQHandler                       0x080001fb   Thumb Code     0  startup_stm32f10x_hd.o(.text)
    UART4_IRQHandler                         0x080001fb   Thumb Code     0  startup_stm32f10x_hd.o(.text)
    UART5_IRQHandler                         0x080001fb   Thumb Code     0  startup_stm32f10x_hd.o(.text)
    USART2_IRQHandler                        0x080001fb   Thumb Code     0  startup_stm32f10x_hd.o(.text)
    USART3_IRQHandler                        0x080001fb   Thumb Code     0  startup_stm32f10x_hd.o(.text)
    USBWakeUp_IRQHandler                     0x080001fb   Thumb Code     0  startup_stm32f10x_hd.o(.text)
    USB_HP_CAN1_TX_IRQHandler                0x080001fb   Thumb Code     0  startup_stm32f10x_hd.o(.text)
    USB_LP_CAN1_RX0_IRQHandler               0x080001fb   Thumb Code     0  startup_stm32f10x_hd.o(.text)
    WWDG_IRQHandler                          0x080001fb   Thumb Code     0  startup_stm32f10x_hd.o(.text)
    __user_initial_stackheap                 0x080001fd   Thumb Code     0  startup_stm32f10x_hd.o(.text)
    __use_no_semihosting                     0x08000221   Thumb Code     2  use_no_semi_2.o(.text)
    __2printf                                0x08000225   Thumb Code    20  noretval__2printf.o(.text)
    __printf                                 0x0800023d   Thumb Code   104  __printf.o(.text)
    _printf_str                              0x080002a5   Thumb Code    82  _printf_str.o(.text)
    _printf_int_dec                          0x080002f9   Thumb Code   104  _printf_dec.o(.text)
    _printf_int_hex                          0x08000371   Thumb Code    84  _printf_hex_int.o(.text)
    _printf_longlong_hex                     0x08000371   Thumb Code     0  _printf_hex_int.o(.text)
    strcmp                                   0x080003c9   Thumb Code   128  strcmpv7m.o(.text)
    __use_two_region_memory                  0x08000449   Thumb Code     2  heapauxi.o(.text)
    __rt_heap_escrow$2region                 0x0800044b   Thumb Code     2  heapauxi.o(.text)
    __rt_heap_expand$2region                 0x0800044d   Thumb Code     2  heapauxi.o(.text)
    __I$use$semihosting                      0x0800044f   Thumb Code     0  use_no_semi.o(.text)
    __use_no_semihosting_swi                 0x0800044f   Thumb Code     2  use_no_semi.o(.text)
    __read_errno                             0x08000451   Thumb Code    10  _rserrno.o(.text)
    __set_errno                              0x0800045b   Thumb Code    12  _rserrno.o(.text)
    _printf_int_common                       0x08000467   Thumb Code   178  _printf_intcommon.o(.text)
    _printf_cs_common                        0x08000519   Thumb Code    20  _printf_char.o(.text)
    _printf_char                             0x0800052d   Thumb Code    16  _printf_char.o(.text)
    _printf_string                           0x0800053d   Thumb Code     8  _printf_char.o(.text)
    _printf_char_file                        0x08000545   Thumb Code    32  _printf_char_file.o(.text)
    __aeabi_errno_addr                       0x08000569   Thumb Code     8  rt_errno_addr_intlibspace.o(.text)
    __errno$intlibspace                      0x08000569   Thumb Code     0  rt_errno_addr_intlibspace.o(.text)
    __rt_errno_addr$intlibspace              0x08000569   Thumb Code     0  rt_errno_addr_intlibspace.o(.text)
    _printf_char_common                      0x0800057b   Thumb Code    32  _printf_char_common.o(.text)
    ferror                                   0x080005a1   Thumb Code     8  ferror.o(.text)
    __user_libspace                          0x080005a9   Thumb Code     8  libspace.o(.text)
    __user_perproc_libspace                  0x080005a9   Thumb Code     0  libspace.o(.text)
    __user_perthread_libspace                0x080005a9   Thumb Code     0  libspace.o(.text)
    __user_setup_stackheap                   0x080005b1   Thumb Code    74  sys_stackheap_outer.o(.text)
    exit                                     0x080005fb   Thumb Code    12  exit.o(.text)
    AT24CXX_Init                             0x08000607   Thumb Code     8  24cxx.o(i.AT24CXX_Init)
    AT24CXX_ReadLenByte                      0x0800060f   Thumb Code    44  24cxx.o(i.AT24CXX_ReadLenByte)
    AT24CXX_ReadOneByte                      0x0800063b   Thumb Code    88  24cxx.o(i.AT24CXX_ReadOneByte)
    AT24CXX_WriteLenByte                     0x08000693   Thumb Code    42  24cxx.o(i.AT24CXX_WriteLenByte)
    AT24CXX_WriteOneByte                     0x080006bd   Thumb Code    80  24cxx.o(i.AT24CXX_WriteOneByte)
    CT_Delay                                 0x0800070d   Thumb Code    10  ctiic.o(i.CT_Delay)
    CT_IIC_Ack                               0x08000719   Thumb Code    62  ctiic.o(i.CT_IIC_Ack)
    CT_IIC_Init                              0x08000765   Thumb Code    62  ctiic.o(i.CT_IIC_Init)
    CT_IIC_NAck                              0x080007ad   Thumb Code    62  ctiic.o(i.CT_IIC_NAck)
    CT_IIC_Read_Byte                         0x080007f9   Thumb Code    92  ctiic.o(i.CT_IIC_Read_Byte)
    CT_IIC_Send_Byte                         0x08000861   Thumb Code    80  ctiic.o(i.CT_IIC_Send_Byte)
    CT_IIC_Start                             0x080008bd   Thumb Code    60  ctiic.o(i.CT_IIC_Start)
    CT_IIC_Stop                              0x08000905   Thumb Code    60  ctiic.o(i.CT_IIC_Stop)
    CT_IIC_Wait_Ack                          0x0800094d   Thumb Code    86  ctiic.o(i.CT_IIC_Wait_Ack)
    FT5206_Init                              0x080009b1   Thumb Code   214  ft5206.o(i.FT5206_Init)
    FT5206_RD_Reg                            0x08000aa1   Thumb Code    88  ft5206.o(i.FT5206_RD_Reg)
    FT5206_Scan                              0x08000af9   Thumb Code   400  ft5206.o(i.FT5206_Scan)
    FT5206_WR_Reg                            0x08000c95   Thumb Code    82  ft5206.o(i.FT5206_WR_Reg)
    GPIO_Init                                0x08000ce7   Thumb Code   278  stm32f10x_gpio.o(i.GPIO_Init)
    GPIO_PinRemapConfig                      0x08000dfd   Thumb Code   138  stm32f10x_gpio.o(i.GPIO_PinRemapConfig)
    GPIO_ResetBits                           0x08000e8d   Thumb Code     4  stm32f10x_gpio.o(i.GPIO_ResetBits)
    GPIO_SetBits                             0x08000e91   Thumb Code     4  stm32f10x_gpio.o(i.GPIO_SetBits)
    GT9147_Init                              0x08000e95   Thumb Code   242  gt9147.o(i.GT9147_Init)
    GT9147_RD_Reg                            0x08000fbd   Thumb Code    98  gt9147.o(i.GT9147_RD_Reg)
    GT9147_Scan                              0x08001021   Thumb Code   408  gt9147.o(i.GT9147_Scan)
    GT9147_Send_Cfg                          0x080011c5   Thumb Code    86  gt9147.o(i.GT9147_Send_Cfg)
    GT9147_WR_Reg                            0x08001221   Thumb Code    92  gt9147.o(i.GT9147_WR_Reg)
    IIC_Ack                                  0x0800127d   Thumb Code    66  myiic.o(i.IIC_Ack)
    IIC_Init                                 0x080012cd   Thumb Code    52  myiic.o(i.IIC_Init)
    IIC_NAck                                 0x0800130d   Thumb Code    66  myiic.o(i.IIC_NAck)
    IIC_Read_Byte                            0x0800135d   Thumb Code    98  myiic.o(i.IIC_Read_Byte)
    IIC_Send_Byte                            0x080013cd   Thumb Code    90  myiic.o(i.IIC_Send_Byte)
    IIC_Start                                0x08001435   Thumb Code    64  myiic.o(i.IIC_Start)
    IIC_Stop                                 0x08001481   Thumb Code    62  myiic.o(i.IIC_Stop)
    IIC_Wait_Ack                             0x080014cd   Thumb Code    86  myiic.o(i.IIC_Wait_Ack)
    KEY_Init                                 0x08001531   Thumb Code    82  key.o(i.KEY_Init)
    LCD_Clear                                0x08001591   Thumb Code   122  lcd.o(i.LCD_Clear)
    LCD_Display_Dir                          0x08001619   Thumb Code   444  lcd.o(i.LCD_Display_Dir)
    LCD_DrawLine                             0x080017d9   Thumb Code   176  lcd.o(i.LCD_DrawLine)
    LCD_DrawPoint                            0x08001889   Thumb Code    52  lcd.o(i.LCD_DrawPoint)
    LCD_Draw_Circle                          0x080018c9   Thumb Code   152  lcd.o(i.LCD_Draw_Circle)
    LCD_Fast_DrawPoint                       0x08001961   Thumb Code   854  lcd.o(i.LCD_Fast_DrawPoint)
    LCD_Init                                 0x08001cc5   Thumb Code 15292  lcd.o(i.LCD_Init)
    LCD_Pow                                  0x08005881   Thumb Code    22  lcd.o(i.LCD_Pow)
    LCD_RD_DATA                              0x08005899   Thumb Code    98  lcd.o(i.LCD_RD_DATA)
    LCD_ReadReg                              0x08005909   Thumb Code    16  lcd.o(i.LCD_ReadReg)
    LCD_SSD_BackLightSet                     0x08005919   Thumb Code   198  lcd.o(i.LCD_SSD_BackLightSet)
    LCD_Scan_Dir                             0x080059ed   Thumb Code  1112  lcd.o(i.LCD_Scan_Dir)
    LCD_SetCursor                            0x08005e45   Thumb Code   944  lcd.o(i.LCD_SetCursor)
    LCD_ShowChar                             0x08006201   Thumb Code   272  lcd.o(i.LCD_ShowChar)
    LCD_ShowNum                              0x08006329   Thumb Code   148  lcd.o(i.LCD_ShowNum)
    LCD_ShowString                           0x080063bd   Thumb Code   102  lcd.o(i.LCD_ShowString)
    LCD_WR_DATAX                             0x08006425   Thumb Code    28  lcd.o(i.LCD_WR_DATAX)
    LCD_WR_REG                               0x08006449   Thumb Code    28  lcd.o(i.LCD_WR_REG)
    LCD_WriteRAM_Prepare                     0x0800646d   Thumb Code    12  lcd.o(i.LCD_WriteRAM_Prepare)
    LCD_WriteReg                             0x0800647d   Thumb Code    40  lcd.o(i.LCD_WriteReg)
    LED_Init                                 0x080064ad   Thumb Code    72  led.o(i.LED_Init)
    NVIC_Init                                0x080064fd   Thumb Code   100  misc.o(i.NVIC_Init)
    NVIC_PriorityGroupConfig                 0x0800656d   Thumb Code    10  misc.o(i.NVIC_PriorityGroupConfig)
    OTT2001A_Init                            0x08006581   Thumb Code   156  ott2001a.o(i.OTT2001A_Init)
    OTT2001A_RD_Reg                          0x08006635   Thumb Code    98  ott2001a.o(i.OTT2001A_RD_Reg)
    OTT2001A_Scan                            0x08006699   Thumb Code   446  ott2001a.o(i.OTT2001A_Scan)
    OTT2001A_SensorControl                   0x08006879   Thumb Code    28  ott2001a.o(i.OTT2001A_SensorControl)
    OTT2001A_WR_Reg                          0x08006895   Thumb Code    92  ott2001a.o(i.OTT2001A_WR_Reg)
    RCC_APB2PeriphClockCmd                   0x080068f1   Thumb Code    26  stm32f10x_rcc.o(i.RCC_APB2PeriphClockCmd)
    RCC_GetClocksFreq                        0x08006911   Thumb Code   192  stm32f10x_rcc.o(i.RCC_GetClocksFreq)
    SysTick_CLKSourceConfig                  0x08006acd   Thumb Code    40  misc.o(i.SysTick_CLKSourceConfig)
    SystemInit                               0x08006af5   Thumb Code    78  system_stm32f10x.o(i.SystemInit)
    TIM5_IRQHandler                          0x08006b55   Thumb Code   384  remote.o(i.TIM5_IRQHandler)
    TIM_ClearFlag                            0x08006ced   Thumb Code     6  stm32f10x_tim.o(i.TIM_ClearFlag)
    TIM_GetCapture2                          0x08006cf3   Thumb Code     6  stm32f10x_tim.o(i.TIM_GetCapture2)
    TIM_GetITStatus                          0x08006cf9   Thumb Code    34  stm32f10x_tim.o(i.TIM_GetITStatus)
    TIM_OC2PolarityConfig                    0x08006d1b   Thumb Code    26  stm32f10x_tim.o(i.TIM_OC2PolarityConfig)
    TIM_SetCounter                           0x08006d35   Thumb Code     4  stm32f10x_tim.o(i.TIM_SetCounter)
    TP_Adj_Info_Show                         0x08006d39   Thumb Code   376  touch.o(i.TP_Adj_Info_Show)
    TP_Adjust                                0x08006ee1   Thumb Code  1234  touch.o(i.TP_Adjust)
    TP_Draw_Touch_Point                      0x080073e1   Thumb Code   108  touch.o(i.TP_Draw_Touch_Point)
    TP_Get_Adjdata                           0x08007451   Thumb Code   152  touch.o(i.TP_Get_Adjdata)
    TP_Init                                  0x080074f9   Thumb Code   248  touch.o(i.TP_Init)
    TP_Read_AD                               0x08007609   Thumb Code   126  touch.o(i.TP_Read_AD)
    TP_Read_XOY                              0x08007691   Thumb Code   120  touch.o(i.TP_Read_XOY)
    TP_Read_XY                               0x08007709   Thumb Code    38  touch.o(i.TP_Read_XY)
    TP_Read_XY2                              0x08007739   Thumb Code   192  touch.o(i.TP_Read_XY2)
    TP_Save_Adjdata                          0x080077f9   Thumb Code   110  touch.o(i.TP_Save_Adjdata)
    TP_Scan                                  0x08007871   Thumb Code   262  touch.o(i.TP_Scan)
    TP_Write_Byte                            0x08007981   Thumb Code    56  touch.o(i.TP_Write_Byte)
    USART1_IRQHandler                        0x080079c1   Thumb Code   122  usart.o(i.USART1_IRQHandler)
    USART_Cmd                                0x08007a49   Thumb Code    24  stm32f10x_usart.o(i.USART_Cmd)
    USART_GetITStatus                        0x08007a61   Thumb Code    84  stm32f10x_usart.o(i.USART_GetITStatus)
    USART_ITConfig                           0x08007ab5   Thumb Code    74  stm32f10x_usart.o(i.USART_ITConfig)
    USART_Init                               0x08007b01   Thumb Code   210  stm32f10x_usart.o(i.USART_Init)
    USART_ReceiveData                        0x08007bd9   Thumb Code    10  stm32f10x_usart.o(i.USART_ReceiveData)
    _sys_exit                                0x08007be3   Thumb Code     6  usart.o(i._sys_exit)
    collaborators                            0x08007be9   Thumb Code   338  main.o(i.collaborators)
    delay_init                               0x08007dcd   Thumb Code    50  delay.o(i.delay_init)
    delay_ms                                 0x08007e11   Thumb Code    72  delay.o(i.delay_ms)
    delay_us                                 0x08007e5d   Thumb Code    72  delay.o(i.delay_us)
    fputc                                    0x08007ea9   Thumb Code    24  usart.o(i.fputc)
    gameover                                 0x08007ec5   Thumb Code   408  main.o(i.gameover)
    main                                     0x080080a1   Thumb Code    50  main.o(i.main)
    main_prog                                0x080080d9   Thumb Code   138  main.o(i.main_prog)
    menu                                     0x0800816d   Thumb Code   444  main.o(i.menu)
    print_block                              0x0800836d   Thumb Code    50  main.o(i.print_block)
    sqrt                                     0x080083a5   Thumb Code    76  sqrt.o(i.sqrt)
    uart_init                                0x080083f1   Thumb Code   152  usart.o(i.uart_init)
    __aeabi_dadd                             0x08008491   Thumb Code     0  daddsub_clz.o(x$fpl$dadd)
    _dadd                                    0x08008491   Thumb Code   332  daddsub_clz.o(x$fpl$dadd)
    __fpl_dcmp_Inf                           0x080085e1   Thumb Code    24  dcmpi.o(x$fpl$dcmpinf)
    __aeabi_d2uiz                            0x080085f9   Thumb Code     0  dfixu.o(x$fpl$dfixu)
    _dfixu                                   0x080085f9   Thumb Code    90  dfixu.o(x$fpl$dfixu)
    __aeabi_i2d                              0x08008653   Thumb Code     0  dflt_clz.o(x$fpl$dflt)
    _dflt                                    0x08008653   Thumb Code    46  dflt_clz.o(x$fpl$dflt)
    __aeabi_ui2d                             0x08008681   Thumb Code     0  dflt_clz.o(x$fpl$dfltu)
    _dfltu                                   0x08008681   Thumb Code    38  dflt_clz.o(x$fpl$dfltu)
    __aeabi_cdcmple                          0x080086a9   Thumb Code     0  dleqf.o(x$fpl$dleqf)
    _dcmple                                  0x080086a9   Thumb Code   120  dleqf.o(x$fpl$dleqf)
    __fpl_dcmple_InfNaN                      0x0800870b   Thumb Code     0  dleqf.o(x$fpl$dleqf)
    __aeabi_dmul                             0x08008721   Thumb Code     0  dmul.o(x$fpl$dmul)
    _dmul                                    0x08008721   Thumb Code   332  dmul.o(x$fpl$dmul)
    __fpl_dnaninf                            0x08008875   Thumb Code   156  dnaninf.o(x$fpl$dnaninf)
    __fpl_dretinf                            0x08008911   Thumb Code    12  dretinf.o(x$fpl$dretinf)
    __aeabi_cdrcmple                         0x0800891d   Thumb Code     0  drleqf.o(x$fpl$drleqf)
    _drcmple                                 0x0800891d   Thumb Code   108  drleqf.o(x$fpl$drleqf)
    __aeabi_drsub                            0x08008989   Thumb Code     0  daddsub_clz.o(x$fpl$drsb)
    _drsb                                    0x08008989   Thumb Code    22  daddsub_clz.o(x$fpl$drsb)
    _dsqrt                                   0x080089a1   Thumb Code   456  dsqrt_noumaal.o(x$fpl$dsqrt)
    __aeabi_dsub                             0x08008b6d   Thumb Code     0  daddsub_clz.o(x$fpl$dsub)
    _dsub                                    0x08008b6d   Thumb Code   464  daddsub_clz.o(x$fpl$dsub)
    __aeabi_f2d                              0x08008d41   Thumb Code     0  f2d.o(x$fpl$f2d)
    _f2d                                     0x08008d41   Thumb Code    86  f2d.o(x$fpl$f2d)
    __aeabi_fadd                             0x08008d99   Thumb Code     0  faddsub_clz.o(x$fpl$fadd)
    _fadd                                    0x08008d99   Thumb Code   196  faddsub_clz.o(x$fpl$fadd)
    __aeabi_fdiv                             0x08008e5d   Thumb Code     0  fdiv.o(x$fpl$fdiv)
    _fdiv                                    0x08008e5d   Thumb Code   384  fdiv.o(x$fpl$fdiv)
    __aeabi_f2iz                             0x08008fe1   Thumb Code     0  ffix.o(x$fpl$ffix)
    _ffix                                    0x08008fe1   Thumb Code    54  ffix.o(x$fpl$ffix)
    __aeabi_f2uiz                            0x08009019   Thumb Code     0  ffixu.o(x$fpl$ffixu)
    _ffixu                                   0x08009019   Thumb Code    62  ffixu.o(x$fpl$ffixu)
    __aeabi_i2f                              0x08009059   Thumb Code     0  fflt_clz.o(x$fpl$fflt)
    _fflt                                    0x08009059   Thumb Code    48  fflt_clz.o(x$fpl$fflt)
    __aeabi_ui2f                             0x08009089   Thumb Code     0  fflt_clz.o(x$fpl$ffltu)
    _ffltu                                   0x08009089   Thumb Code    38  fflt_clz.o(x$fpl$ffltu)
    __aeabi_fmul                             0x080090b1   Thumb Code     0  fmul.o(x$fpl$fmul)
    _fmul                                    0x080090b1   Thumb Code   258  fmul.o(x$fpl$fmul)
    __fpl_fnaninf                            0x080091b3   Thumb Code   140  fnaninf.o(x$fpl$fnaninf)
    __fpl_fretinf                            0x0800923f   Thumb Code    10  fretinf.o(x$fpl$fretinf)
    __aeabi_fsub                             0x08009249   Thumb Code     0  faddsub_clz.o(x$fpl$fsub)
    _fsub                                    0x08009249   Thumb Code   234  faddsub_clz.o(x$fpl$fsub)
    __I$use$fp                               0x08009332   Number         0  usenofp.o(x$fpl$usenofp)
    asc2_1206                                0x08009332   Data        1140  lcd.o(.constdata)
    asc2_1608                                0x080097a6   Data        1520  lcd.o(.constdata)
    asc2_2412                                0x08009d96   Data        3420  lcd.o(.constdata)
    TP_ADJDIS_TBL                            0x0800aaf2   Data          12  touch.o(.constdata)
    OTT_TPX_TBL                              0x0800aafe   Data          10  ott2001a.o(.constdata)
    GT9147_CFG_TBL                           0x0800ab08   Data         184  gt9147.o(.constdata)
    GT9147_TPX_TBL                           0x0800abc0   Data          10  gt9147.o(.constdata)
    FT5206_TPX_TBL                           0x0800abca   Data          10  ft5206.o(.constdata)
    Region$$Table$$Base                      0x0800ac78   Number         0  anon$$obj.o(Region$$Table)
    Region$$Table$$Limit                     0x0800ac98   Number         0  anon$$obj.o(Region$$Table)
    col                                      0x20000000   Data          12  main.o(.data)
    POINT_COLOR                              0x2000000c   Data           2  lcd.o(.data)
    BACK_COLOR                               0x2000000e   Data           2  lcd.o(.data)
    RmtSta                                   0x20000010   Data           1  remote.o(.data)
    Dval                                     0x20000012   Data           2  remote.o(.data)
    RmtRec                                   0x20000014   Data           4  remote.o(.data)
    RmtCnt                                   0x20000018   Data           1  remote.o(.data)
    tp_dev                                   0x2000001c   Data          52  touch.o(.data)
    CMD_RDX                                  0x20000050   Data           1  touch.o(.data)
    CMD_RDY                                  0x20000051   Data           1  touch.o(.data)
    TP_REMIND_MSG_TBL                        0x20000054   Data           4  touch.o(.data)
    __stdout                                 0x20000060   Data           4  usart.o(.data)
    USART_RX_STA                             0x20000064   Data           2  usart.o(.data)
    SystemCoreClock                          0x2000007c   Data           4  system_stm32f10x.o(.data)
    AHBPrescTable                            0x20000080   Data          16  system_stm32f10x.o(.data)
    lcddev                                   0x20000090   Data          14  lcd.o(.bss)
    USART_RX_BUF                             0x2000009e   Data         200  usart.o(.bss)
    __libspace_start                         0x20000168   Data          96  libspace.o(.bss)
    __temporary_stack_top$libspace           0x200001c8   Data           0  libspace.o(.bss)



==============================================================================

Memory Map of the image

  Image Entry point : 0x08000131

  Load Region LR_IROM1 (Base: 0x08000000, Size: 0x0000ad28, Max: 0x00040000, ABSOLUTE)

    Execution Region ER_IROM1 (Base: 0x08000000, Size: 0x0000ac98, Max: 0x00040000, ABSOLUTE)

    Base Addr    Size         Type   Attr      Idx    E Section Name        Object

    0x08000000   0x00000130   Data   RO         2639    RESET               startup_stm32f10x_hd.o
    0x08000130   0x00000008   Code   RO         2753  * !!!main             c_w.l(__main.o)
    0x08000138   0x00000034   Code   RO         3000    !!!scatter          c_w.l(__scatter.o)
    0x0800016c   0x0000001a   Code   RO         3002    !!handler_copy      c_w.l(__scatter_copy.o)
    0x08000186   0x00000002   PAD
    0x08000188   0x0000001c   Code   RO         3004    !!handler_zi        c_w.l(__scatter_zi.o)
    0x080001a4   0x00000000   Code   RO         2748    .ARM.Collect$$_printf_percent$$00000000  c_w.l(_printf_percent.o)
    0x080001a4   0x00000006   Code   RO         2747    .ARM.Collect$$_printf_percent$$00000009  c_w.l(_printf_d.o)
    0x080001aa   0x00000006   Code   RO         2746    .ARM.Collect$$_printf_percent$$0000000C  c_w.l(_printf_x.o)
    0x080001b0   0x00000006   Code   RO         2745    .ARM.Collect$$_printf_percent$$00000014  c_w.l(_printf_s.o)
    0x080001b6   0x00000004   Code   RO         2824    .ARM.Collect$$_printf_percent$$00000017  c_w.l(_printf_percent_end.o)
    0x080001ba   0x00000002   Code   RO         2878    .ARM.Collect$$libinit$$00000000  c_w.l(libinit.o)
    0x080001bc   0x00000000   Code   RO         2882    .ARM.Collect$$libinit$$00000002  c_w.l(libinit2.o)
    0x080001bc   0x00000000   Code   RO         2884    .ARM.Collect$$libinit$$00000004  c_w.l(libinit2.o)
    0x080001bc   0x00000000   Code   RO         2887    .ARM.Collect$$libinit$$0000000A  c_w.l(libinit2.o)
    0x080001bc   0x00000000   Code   RO         2889    .ARM.Collect$$libinit$$0000000C  c_w.l(libinit2.o)
    0x080001bc   0x00000000   Code   RO         2891    .ARM.Collect$$libinit$$0000000E  c_w.l(libinit2.o)
    0x080001bc   0x00000000   Code   RO         2894    .ARM.Collect$$libinit$$00000011  c_w.l(libinit2.o)
    0x080001bc   0x00000000   Code   RO         2896    .ARM.Collect$$libinit$$00000013  c_w.l(libinit2.o)
    0x080001bc   0x00000000   Code   RO         2898    .ARM.Collect$$libinit$$00000015  c_w.l(libinit2.o)
    0x080001bc   0x00000000   Code   RO         2900    .ARM.Collect$$libinit$$00000017  c_w.l(libinit2.o)
    0x080001bc   0x00000000   Code   RO         2902    .ARM.Collect$$libinit$$00000019  c_w.l(libinit2.o)
    0x080001bc   0x00000000   Code   RO         2904    .ARM.Collect$$libinit$$0000001B  c_w.l(libinit2.o)
    0x080001bc   0x00000000   Code   RO         2906    .ARM.Collect$$libinit$$0000001D  c_w.l(libinit2.o)
    0x080001bc   0x00000000   Code   RO         2908    .ARM.Collect$$libinit$$0000001F  c_w.l(libinit2.o)
    0x080001bc   0x00000000   Code   RO         2910    .ARM.Collect$$libinit$$00000021  c_w.l(libinit2.o)
    0x080001bc   0x00000000   Code   RO         2912    .ARM.Collect$$libinit$$00000023  c_w.l(libinit2.o)
    0x080001bc   0x00000000   Code   RO         2914    .ARM.Collect$$libinit$$00000025  c_w.l(libinit2.o)
    0x080001bc   0x00000000   Code   RO         2918    .ARM.Collect$$libinit$$0000002C  c_w.l(libinit2.o)
    0x080001bc   0x00000000   Code   RO         2920    .ARM.Collect$$libinit$$0000002E  c_w.l(libinit2.o)
    0x080001bc   0x00000000   Code   RO         2922    .ARM.Collect$$libinit$$00000030  c_w.l(libinit2.o)
    0x080001bc   0x00000000   Code   RO         2924    .ARM.Collect$$libinit$$00000032  c_w.l(libinit2.o)
    0x080001bc   0x00000002   Code   RO         2925    .ARM.Collect$$libinit$$00000033  c_w.l(libinit2.o)
    0x080001be   0x00000002   Code   RO         2943    .ARM.Collect$$libshutdown$$00000000  c_w.l(libshutdown.o)
    0x080001c0   0x00000000   Code   RO         2954    .ARM.Collect$$libshutdown$$00000003  c_w.l(libshutdown2.o)
    0x080001c0   0x00000000   Code   RO         2957    .ARM.Collect$$libshutdown$$00000006  c_w.l(libshutdown2.o)
    0x080001c0   0x00000000   Code   RO         2960    .ARM.Collect$$libshutdown$$00000009  c_w.l(libshutdown2.o)
    0x080001c0   0x00000000   Code   RO         2962    .ARM.Collect$$libshutdown$$0000000B  c_w.l(libshutdown2.o)
    0x080001c0   0x00000000   Code   RO         2965    .ARM.Collect$$libshutdown$$0000000E  c_w.l(libshutdown2.o)
    0x080001c0   0x00000002   Code   RO         2966    .ARM.Collect$$libshutdown$$0000000F  c_w.l(libshutdown2.o)
    0x080001c2   0x00000000   Code   RO         2815    .ARM.Collect$$rtentry$$00000000  c_w.l(__rtentry.o)
    0x080001c2   0x00000000   Code   RO         2839    .ARM.Collect$$rtentry$$00000002  c_w.l(__rtentry2.o)
    0x080001c2   0x00000006   Code   RO         2851    .ARM.Collect$$rtentry$$00000004  c_w.l(__rtentry4.o)
    0x080001c8   0x00000000   Code   RO         2841    .ARM.Collect$$rtentry$$00000009  c_w.l(__rtentry2.o)
    0x080001c8   0x00000004   Code   RO         2842    .ARM.Collect$$rtentry$$0000000A  c_w.l(__rtentry2.o)
    0x080001cc   0x00000000   Code   RO         2844    .ARM.Collect$$rtentry$$0000000C  c_w.l(__rtentry2.o)
    0x080001cc   0x00000008   Code   RO         2845    .ARM.Collect$$rtentry$$0000000D  c_w.l(__rtentry2.o)
    0x080001d4   0x00000002   Code   RO         2879    .ARM.Collect$$rtexit$$00000000  c_w.l(rtexit.o)
    0x080001d6   0x00000000   Code   RO         2927    .ARM.Collect$$rtexit$$00000002  c_w.l(rtexit2.o)
    0x080001d6   0x00000004   Code   RO         2928    .ARM.Collect$$rtexit$$00000003  c_w.l(rtexit2.o)
    0x080001da   0x00000006   Code   RO         2929    .ARM.Collect$$rtexit$$00000004  c_w.l(rtexit2.o)
    0x080001e0   0x00000040   Code   RO         2640    .text               startup_stm32f10x_hd.o
    0x08000220   0x00000002   Code   RO         2692    .text               c_w.l(use_no_semi_2.o)
    0x08000222   0x00000002   PAD
    0x08000224   0x00000018   Code   RO         2696    .text               c_w.l(noretval__2printf.o)
    0x0800023c   0x00000068   Code   RO         2698    .text               c_w.l(__printf.o)
    0x080002a4   0x00000052   Code   RO         2700    .text               c_w.l(_printf_str.o)
    0x080002f6   0x00000002   PAD
    0x080002f8   0x00000078   Code   RO         2702    .text               c_w.l(_printf_dec.o)
    0x08000370   0x00000058   Code   RO         2707    .text               c_w.l(_printf_hex_int.o)
    0x080003c8   0x00000080   Code   RO         2749    .text               c_w.l(strcmpv7m.o)
    0x08000448   0x00000006   Code   RO         2751    .text               c_w.l(heapauxi.o)
    0x0800044e   0x00000002   Code   RO         2813    .text               c_w.l(use_no_semi.o)
    0x08000450   0x00000016   Code   RO         2816    .text               c_w.l(_rserrno.o)
    0x08000466   0x000000b2   Code   RO         2818    .text               c_w.l(_printf_intcommon.o)
    0x08000518   0x0000002c   Code   RO         2820    .text               c_w.l(_printf_char.o)
    0x08000544   0x00000024   Code   RO         2822    .text               c_w.l(_printf_char_file.o)
    0x08000568   0x00000008   Code   RO         2856    .text               c_w.l(rt_errno_addr_intlibspace.o)
    0x08000570   0x00000030   Code   RO         2858    .text               c_w.l(_printf_char_common.o)
    0x080005a0   0x00000008   Code   RO         2860    .text               c_w.l(ferror.o)
    0x080005a8   0x00000008   Code   RO         2864    .text               c_w.l(libspace.o)
    0x080005b0   0x0000004a   Code   RO         2867    .text               c_w.l(sys_stackheap_outer.o)
    0x080005fa   0x0000000c   Code   RO         2871    .text               c_w.l(exit.o)
    0x08000606   0x00000008   Code   RO          574    i.AT24CXX_Init      24cxx.o
    0x0800060e   0x0000002c   Code   RO          576    i.AT24CXX_ReadLenByte  24cxx.o
    0x0800063a   0x00000058   Code   RO          577    i.AT24CXX_ReadOneByte  24cxx.o
    0x08000692   0x0000002a   Code   RO          579    i.AT24CXX_WriteLenByte  24cxx.o
    0x080006bc   0x00000050   Code   RO          580    i.AT24CXX_WriteOneByte  24cxx.o
    0x0800070c   0x0000000a   Code   RO          988    i.CT_Delay          ctiic.o
    0x08000716   0x00000002   PAD
    0x08000718   0x0000004c   Code   RO          989    i.CT_IIC_Ack        ctiic.o
    0x08000764   0x00000048   Code   RO          990    i.CT_IIC_Init       ctiic.o
    0x080007ac   0x0000004c   Code   RO          991    i.CT_IIC_NAck       ctiic.o
    0x080007f8   0x00000068   Code   RO          992    i.CT_IIC_Read_Byte  ctiic.o
    0x08000860   0x0000005c   Code   RO          993    i.CT_IIC_Send_Byte  ctiic.o
    0x080008bc   0x00000048   Code   RO          994    i.CT_IIC_Start      ctiic.o
    0x08000904   0x00000048   Code   RO          995    i.CT_IIC_Stop       ctiic.o
    0x0800094c   0x00000064   Code   RO          996    i.CT_IIC_Wait_Ack   ctiic.o
    0x080009b0   0x000000f0   Code   RO          942    i.FT5206_Init       ft5206.o
    0x08000aa0   0x00000058   Code   RO          943    i.FT5206_RD_Reg     ft5206.o
    0x08000af8   0x0000019c   Code   RO          944    i.FT5206_Scan       ft5206.o
    0x08000c94   0x00000052   Code   RO          945    i.FT5206_WR_Reg     ft5206.o
    0x08000ce6   0x00000116   Code   RO         1508    i.GPIO_Init         stm32f10x_gpio.o
    0x08000dfc   0x00000090   Code   RO         1510    i.GPIO_PinRemapConfig  stm32f10x_gpio.o
    0x08000e8c   0x00000004   Code   RO         1515    i.GPIO_ResetBits    stm32f10x_gpio.o
    0x08000e90   0x00000004   Code   RO         1516    i.GPIO_SetBits      stm32f10x_gpio.o
    0x08000e94   0x00000128   Code   RO          887    i.GT9147_Init       gt9147.o
    0x08000fbc   0x00000062   Code   RO          888    i.GT9147_RD_Reg     gt9147.o
    0x0800101e   0x00000002   PAD
    0x08001020   0x000001a4   Code   RO          889    i.GT9147_Scan       gt9147.o
    0x080011c4   0x0000005c   Code   RO          890    i.GT9147_Send_Cfg   gt9147.o
    0x08001220   0x0000005c   Code   RO          891    i.GT9147_WR_Reg     gt9147.o
    0x0800127c   0x00000050   Code   RO          642    i.IIC_Ack           myiic.o
    0x080012cc   0x00000040   Code   RO          643    i.IIC_Init          myiic.o
    0x0800130c   0x00000050   Code   RO          644    i.IIC_NAck          myiic.o
    0x0800135c   0x00000070   Code   RO          645    i.IIC_Read_Byte     myiic.o
    0x080013cc   0x00000068   Code   RO          646    i.IIC_Send_Byte     myiic.o
    0x08001434   0x0000004c   Code   RO          647    i.IIC_Start         myiic.o
    0x08001480   0x0000004c   Code   RO          648    i.IIC_Stop          myiic.o
    0x080014cc   0x00000064   Code   RO          649    i.IIC_Wait_Ack      myiic.o
    0x08001530   0x00000060   Code   RO          248    i.KEY_Init          key.o
    0x08001590   0x00000088   Code   RO          283    i.LCD_Clear         lcd.o
    0x08001618   0x000001c0   Code   RO          287    i.LCD_Display_Dir   lcd.o
    0x080017d8   0x000000b0   Code   RO          288    i.LCD_DrawLine      lcd.o
    0x08001888   0x00000040   Code   RO          289    i.LCD_DrawPoint     lcd.o
    0x080018c8   0x00000098   Code   RO          291    i.LCD_Draw_Circle   lcd.o
    0x08001960   0x00000364   Code   RO          292    i.LCD_Fast_DrawPoint  lcd.o
    0x08001cc4   0x00003bbc   Code   RO          294    i.LCD_Init          lcd.o
    0x08005880   0x00000016   Code   RO          295    i.LCD_Pow           lcd.o
    0x08005896   0x00000002   PAD
    0x08005898   0x00000070   Code   RO          296    i.LCD_RD_DATA       lcd.o
    0x08005908   0x00000010   Code   RO          298    i.LCD_ReadReg       lcd.o
    0x08005918   0x000000d4   Code   RO          299    i.LCD_SSD_BackLightSet  lcd.o
    0x080059ec   0x00000458   Code   RO          300    i.LCD_Scan_Dir      lcd.o
    0x08005e44   0x000003bc   Code   RO          301    i.LCD_SetCursor     lcd.o
    0x08006200   0x00000128   Code   RO          303    i.LCD_ShowChar      lcd.o
    0x08006328   0x00000094   Code   RO          304    i.LCD_ShowNum       lcd.o
    0x080063bc   0x00000066   Code   RO          305    i.LCD_ShowString    lcd.o
    0x08006422   0x00000002   PAD
    0x08006424   0x00000024   Code   RO          307    i.LCD_WR_DATAX      lcd.o
    0x08006448   0x00000024   Code   RO          308    i.LCD_WR_REG        lcd.o
    0x0800646c   0x00000010   Code   RO          310    i.LCD_WriteRAM_Prepare  lcd.o
    0x0800647c   0x00000030   Code   RO          311    i.LCD_WriteReg      lcd.o
    0x080064ac   0x00000050   Code   RO          504    i.LED_Init          led.o
    0x080064fc   0x00000070   Code   RO         1154    i.NVIC_Init         misc.o
    0x0800656c   0x00000014   Code   RO         1155    i.NVIC_PriorityGroupConfig  misc.o
    0x08006580   0x000000b4   Code   RO          828    i.OTT2001A_Init     ott2001a.o
    0x08006634   0x00000062   Code   RO          829    i.OTT2001A_RD_Reg   ott2001a.o
    0x08006696   0x00000002   PAD
    0x08006698   0x000001e0   Code   RO          830    i.OTT2001A_Scan     ott2001a.o
    0x08006878   0x0000001c   Code   RO          831    i.OTT2001A_SensorControl  ott2001a.o
    0x08006894   0x0000005c   Code   RO          832    i.OTT2001A_WR_Reg   ott2001a.o
    0x080068f0   0x00000020   Code   RO         1632    i.RCC_APB2PeriphClockCmd  stm32f10x_rcc.o
    0x08006910   0x000000d4   Code   RO         1640    i.RCC_GetClocksFreq  stm32f10x_rcc.o
    0x080069e4   0x00000008   Code   RO         2647    i.SetSysClock       system_stm32f10x.o
    0x080069ec   0x000000e0   Code   RO         2648    i.SetSysClockTo72   system_stm32f10x.o
    0x08006acc   0x00000028   Code   RO         1158    i.SysTick_CLKSourceConfig  misc.o
    0x08006af4   0x00000060   Code   RO         2650    i.SystemInit        system_stm32f10x.o
    0x08006b54   0x00000198   Code   RO          533    i.TIM5_IRQHandler   remote.o
    0x08006cec   0x00000006   Code   RO         1850    i.TIM_ClearFlag     stm32f10x_tim.o
    0x08006cf2   0x00000006   Code   RO         1872    i.TIM_GetCapture2   stm32f10x_tim.o
    0x08006cf8   0x00000022   Code   RO         1877    i.TIM_GetITStatus   stm32f10x_tim.o
    0x08006d1a   0x0000001a   Code   RO         1892    i.TIM_OC2PolarityConfig  stm32f10x_tim.o
    0x08006d34   0x00000004   Code   RO         1921    i.TIM_SetCounter    stm32f10x_tim.o
    0x08006d38   0x000001a8   Code   RO          711    i.TP_Adj_Info_Show  touch.o
    0x08006ee0   0x00000500   Code   RO          712    i.TP_Adjust         touch.o
    0x080073e0   0x00000070   Code   RO          714    i.TP_Draw_Touch_Point  touch.o
    0x08007450   0x000000a8   Code   RO          715    i.TP_Get_Adjdata    touch.o
    0x080074f8   0x00000110   Code   RO          716    i.TP_Init           touch.o
    0x08007608   0x00000088   Code   RO          717    i.TP_Read_AD        touch.o
    0x08007690   0x00000078   Code   RO          718    i.TP_Read_XOY       touch.o
    0x08007708   0x00000030   Code   RO          719    i.TP_Read_XY        touch.o
    0x08007738   0x000000c0   Code   RO          720    i.TP_Read_XY2       touch.o
    0x080077f8   0x00000078   Code   RO          721    i.TP_Save_Adjdata   touch.o
    0x08007870   0x00000110   Code   RO          722    i.TP_Scan           touch.o
    0x08007980   0x00000040   Code   RO          723    i.TP_Write_Byte     touch.o
    0x080079c0   0x00000088   Code   RO         1101    i.USART1_IRQHandler  usart.o
    0x08007a48   0x00000018   Code   RO         2404    i.USART_Cmd         stm32f10x_usart.o
    0x08007a60   0x00000054   Code   RO         2408    i.USART_GetITStatus  stm32f10x_usart.o
    0x08007ab4   0x0000004a   Code   RO         2410    i.USART_ITConfig    stm32f10x_usart.o
    0x08007afe   0x00000002   PAD
    0x08007b00   0x000000d8   Code   RO         2411    i.USART_Init        stm32f10x_usart.o
    0x08007bd8   0x0000000a   Code   RO         2418    i.USART_ReceiveData  stm32f10x_usart.o
    0x08007be2   0x00000006   Code   RO         1102    i._sys_exit         usart.o
    0x08007be8   0x000001e4   Code   RO            4    i.collaborators     main.o
    0x08007dcc   0x00000044   Code   RO         1060    i.delay_init        delay.o
    0x08007e10   0x0000004c   Code   RO         1061    i.delay_ms          delay.o
    0x08007e5c   0x0000004c   Code   RO         1062    i.delay_us          delay.o
    0x08007ea8   0x0000001c   Code   RO         1103    i.fputc             usart.o
    0x08007ec4   0x000001dc   Code   RO            5    i.gameover          main.o
    0x080080a0   0x00000038   Code   RO            6    i.main              main.o
    0x080080d8   0x00000094   Code   RO            7    i.main_prog         main.o
    0x0800816c   0x00000200   Code   RO            8    i.menu              main.o
    0x0800836c   0x00000038   Code   RO            9    i.print_block       main.o
    0x080083a4   0x0000004c   Code   RO         2806    i.sqrt              m_ws.l(sqrt.o)
    0x080083f0   0x000000a0   Code   RO         1104    i.uart_init         usart.o
    0x08008490   0x00000150   Code   RO         2755    x$fpl$dadd          fz_ws.l(daddsub_clz.o)
    0x080085e0   0x00000018   Code   RO         2825    x$fpl$dcmpinf       fz_ws.l(dcmpi.o)
    0x080085f8   0x0000005a   Code   RO         2761    x$fpl$dfixu         fz_ws.l(dfixu.o)
    0x08008652   0x0000002e   Code   RO         2766    x$fpl$dflt          fz_ws.l(dflt_clz.o)
    0x08008680   0x00000026   Code   RO         2765    x$fpl$dfltu         fz_ws.l(dflt_clz.o)
    0x080086a6   0x00000002   PAD
    0x080086a8   0x00000078   Code   RO         2771    x$fpl$dleqf         fz_ws.l(dleqf.o)
    0x08008720   0x00000154   Code   RO         2773    x$fpl$dmul          fz_ws.l(dmul.o)
    0x08008874   0x0000009c   Code   RO         2827    x$fpl$dnaninf       fz_ws.l(dnaninf.o)
    0x08008910   0x0000000c   Code   RO         2829    x$fpl$dretinf       fz_ws.l(dretinf.o)
    0x0800891c   0x0000006c   Code   RO         2775    x$fpl$drleqf        fz_ws.l(drleqf.o)
    0x08008988   0x00000016   Code   RO         2756    x$fpl$drsb          fz_ws.l(daddsub_clz.o)
    0x0800899e   0x00000002   PAD
    0x080089a0   0x000001cc   Code   RO         2831    x$fpl$dsqrt         fz_ws.l(dsqrt_noumaal.o)
    0x08008b6c   0x000001d4   Code   RO         2757    x$fpl$dsub          fz_ws.l(daddsub_clz.o)
    0x08008d40   0x00000056   Code   RO         2777    x$fpl$f2d           fz_ws.l(f2d.o)
    0x08008d96   0x00000002   PAD
    0x08008d98   0x000000c4   Code   RO         2779    x$fpl$fadd          fz_ws.l(faddsub_clz.o)
    0x08008e5c   0x00000184   Code   RO         2786    x$fpl$fdiv          fz_ws.l(fdiv.o)
    0x08008fe0   0x00000036   Code   RO         2789    x$fpl$ffix          fz_ws.l(ffix.o)
    0x08009016   0x00000002   PAD
    0x08009018   0x0000003e   Code   RO         2793    x$fpl$ffixu         fz_ws.l(ffixu.o)
    0x08009056   0x00000002   PAD
    0x08009058   0x00000030   Code   RO         2798    x$fpl$fflt          fz_ws.l(fflt_clz.o)
    0x08009088   0x00000026   Code   RO         2797    x$fpl$ffltu         fz_ws.l(fflt_clz.o)
    0x080090ae   0x00000002   PAD
    0x080090b0   0x00000102   Code   RO         2803    x$fpl$fmul          fz_ws.l(fmul.o)
    0x080091b2   0x0000008c   Code   RO         2833    x$fpl$fnaninf       fz_ws.l(fnaninf.o)
    0x0800923e   0x0000000a   Code   RO         2835    x$fpl$fretinf       fz_ws.l(fretinf.o)
    0x08009248   0x000000ea   Code   RO         2781    x$fpl$fsub          fz_ws.l(faddsub_clz.o)
    0x08009332   0x00000000   Code   RO         2837    x$fpl$usenofp       fz_ws.l(usenofp.o)
    0x08009332   0x000017c0   Data   RO          314    .constdata          lcd.o
    0x0800aaf2   0x0000000c   Data   RO          724    .constdata          touch.o
    0x0800aafe   0x0000000a   Data   RO          833    .constdata          ott2001a.o
    0x0800ab08   0x000000c2   Data   RO          892    .constdata          gt9147.o
    0x0800abca   0x0000000a   Data   RO          946    .constdata          ft5206.o
    0x0800abd4   0x00000028   Data   RO         2708    .constdata          c_w.l(_printf_hex_int.o)
    0x0800abfc   0x00000079   Data   RO          725    .conststring        touch.o
    0x0800ac75   0x00000003   PAD
    0x0800ac78   0x00000020   Data   RO         2998    Region$$Table       anon$$obj.o


    Execution Region RW_IRAM1 (Base: 0x20000000, Size: 0x000007c8, Max: 0x0000c000, ABSOLUTE)

    Base Addr    Size         Type   Attr      Idx    E Section Name        Object

    0x20000000   0x0000000c   Data   RW           10    .data               main.o
    0x2000000c   0x00000004   Data   RW          315    .data               lcd.o
    0x20000010   0x00000009   Data   RW          534    .data               remote.o
    0x20000019   0x00000003   PAD
    0x2000001c   0x0000003c   Data   RW          726    .data               touch.o
    0x20000058   0x00000001   Data   RW          834    .data               ott2001a.o
    0x20000059   0x00000001   Data   RW          893    .data               gt9147.o
    0x2000005a   0x00000001   Data   RW          947    .data               ft5206.o
    0x2000005b   0x00000001   PAD
    0x2000005c   0x00000004   Data   RW         1063    .data               delay.o
    0x20000060   0x00000006   Data   RW         1106    .data               usart.o
    0x20000066   0x00000014   Data   RW         1660    .data               stm32f10x_rcc.o
    0x2000007a   0x00000002   PAD
    0x2000007c   0x00000014   Data   RW         2651    .data               system_stm32f10x.o
    0x20000090   0x0000000e   Zero   RW          313    .bss                lcd.o
    0x2000009e   0x000000c8   Zero   RW         1105    .bss                usart.o
    0x20000166   0x00000002   PAD
    0x20000168   0x00000060   Zero   RW         2865    .bss                c_w.l(libspace.o)
    0x200001c8   0x00000200   Zero   RW         2638    HEAP                startup_stm32f10x_hd.o
    0x200003c8   0x00000400   Zero   RW         2637    STACK               startup_stm32f10x_hd.o


==============================================================================

Image component sizes


      Code (inc. data)   RO Data    RW Data    ZI Data      Debug   Object Name

       262          0          0          0          0       2881   24cxx.o
       674        100          0          0          0       4577   ctiic.o
       220         26          0          4          0       1655   delay.o
       822         38         10          1          0       3453   ft5206.o
       998         72        194          1          0       4170   gt9147.o
        96         14          0          0          0        511   key.o
     20248        252       6080          4         14      25629   lcd.o
        80          8          0          0          0        491   led.o
      1732        304          0         12          0     257621   main.o
       172         22          0          0          0       2245   misc.o
       692        108          0          0          0       4138   myiic.o
       878         58         10          1          0       3943   ott2001a.o
       408         24          0          9          0        962   remote.o
        64         26        304          0       1536        828   startup_stm32f10x_hd.o
       430          6          0          0          0       4062   stm32f10x_gpio.o
       244         26          0         20          0       4001   stm32f10x_rcc.o
        76          0          0          0          0       3625   stm32f10x_tim.o
       408          6          0          0          0       5198   stm32f10x_usart.o
       328         28          0         20          0       2325   system_stm32f10x.o
      3208        244        133         60          0       9887   touch.o
       330         26          0          6        200       4060   usart.o

    ----------------------------------------------------------------------
     32382       1388       6766        144       1752     346262   Object Totals
         0          0         32          0          0          0   (incl. Generated)
        12          0          3          6          2          0   (incl. Padding)

    ----------------------------------------------------------------------

      Code (inc. data)   RO Data    RW Data    ZI Data      Debug   Library Member Name

         8          0          0          0          0         68   __main.o
       104          0          0          0          0         84   __printf.o
         0          0          0          0          0          0   __rtentry.o
        12          0          0          0          0          0   __rtentry2.o
         6          0          0          0          0          0   __rtentry4.o
        52          8          0          0          0          0   __scatter.o
        26          0          0          0          0          0   __scatter_copy.o
        28          0          0          0          0          0   __scatter_zi.o
        44          0          0          0          0        108   _printf_char.o
        48          6          0          0          0         96   _printf_char_common.o
        36          4          0          0          0         80   _printf_char_file.o
         6          0          0          0          0          0   _printf_d.o
       120         16          0          0          0         92   _printf_dec.o
        88          4         40          0          0         88   _printf_hex_int.o
       178          0          0          0          0         88   _printf_intcommon.o
         0          0          0          0          0          0   _printf_percent.o
         4          0          0          0          0          0   _printf_percent_end.o
         6          0          0          0          0          0   _printf_s.o
        82          0          0          0          0         80   _printf_str.o
         6          0          0          0          0          0   _printf_x.o
        22          0          0          0          0        100   _rserrno.o
        12          0          0          0          0         72   exit.o
         8          0          0          0          0         68   ferror.o
         6          0          0          0          0        152   heapauxi.o
         2          0          0          0          0          0   libinit.o
         2          0          0          0          0          0   libinit2.o
         2          0          0          0          0          0   libshutdown.o
         2          0          0          0          0          0   libshutdown2.o
         8          4          0          0         96         68   libspace.o
        24          4          0          0          0         84   noretval__2printf.o
         8          4          0          0          0         68   rt_errno_addr_intlibspace.o
         2          0          0          0          0          0   rtexit.o
        10          0          0          0          0          0   rtexit2.o
       128          0          0          0          0         68   strcmpv7m.o
        74          0          0          0          0         80   sys_stackheap_outer.o
         2          0          0          0          0         68   use_no_semi.o
         2          0          0          0          0         68   use_no_semi_2.o
       826         16          0          0          0        348   daddsub_clz.o
        24          0          0          0          0         68   dcmpi.o
        90          4          0          0          0         92   dfixu.o
        84          0          0          0          0        136   dflt_clz.o
       120          4          0          0          0         92   dleqf.o
       340         12          0          0          0        104   dmul.o
       156          4          0          0          0         92   dnaninf.o
        12          0          0          0          0         68   dretinf.o
       108          0          0          0          0         80   drleqf.o
       460         56          0          0          0        120   dsqrt_noumaal.o
        86          4          0          0          0         84   f2d.o
       430          8          0          0          0        168   faddsub_clz.o
       388         76          0          0          0         96   fdiv.o
        54          4          0          0          0         84   ffix.o
        62          4          0          0          0         84   ffixu.o
        86          0          0          0          0        136   fflt_clz.o
       258          4          0          0          0         84   fmul.o
       140          4          0          0          0         84   fnaninf.o
        10          0          0          0          0         68   fretinf.o
         0          0          0          0          0          0   usenofp.o
        76          0          0          0          0         84   sqrt.o

    ----------------------------------------------------------------------
      4996        250         40          0         96       3852   Library Totals
        18          0          0          0          0          0   (incl. Padding)

    ----------------------------------------------------------------------

      Code (inc. data)   RO Data    RW Data    ZI Data      Debug   Library Name

      1168         50         40          0         96       1680   c_w.l
      3734        200          0          0          0       2088   fz_ws.l
        76          0          0          0          0         84   m_ws.l

    ----------------------------------------------------------------------
      4996        250         40          0         96       3852   Library Totals

    ----------------------------------------------------------------------

==============================================================================


      Code (inc. data)   RO Data    RW Data    ZI Data      Debug   

     37378       1638       6806        144       1848     342622   Grand Totals
     37378       1638       6806        144       1848     342622   ELF Image Totals
     37378       1638       6806        144          0          0   ROM Totals

==============================================================================

    Total RO  Size (Code + RO Data)                44184 (  43.15kB)
    Total RW  Size (RW Data + ZI Data)              1992 (   1.95kB)
    Total ROM Size (Code + RO Data + RW Data)      44328 (  43.29kB)

==============================================================================

